[GC (Allocation Failure) [PSYoungGen: 4096K->496K(4608K)] 4096K->868K(11776K), 0.0017055 secs] [Times: user=0.00 sys=0.00 real=0.00 secs] 
[GC (Allocation Failure) [PSYoungGen: 4592K->512K(4608K)] 4964K->1665K(11776K), 0.0017241 secs] [Times: user=0.00 sys=0.00 real=0.00 secs] 
[GC (Allocation Failure) [PSYoungGen: 4605K->496K(4608K)] 5758K->2574K(11776K), 0.0015414 secs] [Times: user=0.11 sys=0.02 real=0.00 secs] 
[GC (Allocation Failure) [PSYoungGen: 4592K->512K(4608K)] 6670K->5003K(11776K), 0.0027527 secs] [Times: user=0.00 sys=0.00 real=0.00 secs] 
[GC (Allocation Failure) [PSYoungGen: 4608K->496K(4608K)] 9099K->8805K(14848K), 0.0022640 secs] [Times: user=0.02 sys=0.00 real=0.00 secs] 
[Full GC (Ergonomics) [PSYoungGen: 496K->0K(11776K)] [ParOldGen: 8309K->8371K(17920K)] 8805K->8371K(29696K), [Metaspace: 10082K->10082K(272384K)], 0.0209012 secs] [Times: user=0.13 sys=0.00 real=0.02 secs] 
[GC (Allocation Failure) [PSYoungGen: 7680K->4608K(12288K)] 16051K->15219K(30208K), 0.0032517 secs] [Times: user=0.00 sys=0.00 real=0.00 secs] 
[GC (Allocation Failure) [PSYoungGen: 12287K->7168K(17408K)] 22899K->21810K(35328K), 0.0037373 secs] [Times: user=0.00 sys=0.00 real=0.00 secs] 
[Full GC (Ergonomics) [PSYoungGen: 7168K->3451K(17408K)] [ParOldGen: 14642K->17595K(31744K)] 21810K->21046K(49152K), [Metaspace: 10403K->10399K(272384K)], 0.0295343 secs] [Times: user=0.22 sys=0.02 real=0.03 secs] 
[GC (Allocation Failure) [PSYoungGen: 13691K->10752K(20992K)] 31286K->28880K(52736K), 0.0061014 secs] [Times: user=0.00 sys=0.00 real=0.01 secs] 
[GC (Allocation Failure) [PSYoungGen: 20992K->12800K(20992K)] 39120K->37179K(52736K), 0.0056223 secs] [Times: user=0.09 sys=0.00 real=0.01 secs] 
[GC (Allocation Failure) [PSYoungGen: 20992K->12000K(26112K)] 45371K->44431K(59392K), 0.0047648 secs] [Times: user=0.00 sys=0.00 real=0.00 secs] 
[Full GC (Ergonomics) [PSYoungGen: 12000K->10459K(26112K)] [ParOldGen: 32431K->32889K(54272K)] 44431K->43348K(80384K), [Metaspace: 11169K->11165K(272384K)], 0.0487025 secs] [Times: user=0.25 sys=0.00 real=0.05 secs] 
[GC (Allocation Failure) [PSYoungGen: 18651K->18432K(26112K)] 51540K->51329K(80384K), 0.0051600 secs] [Times: user=0.00 sys=0.00 real=0.01 secs] 
[GC (Allocation Failure) [PSYoungGen: 25600K->22016K(29184K)] 58497K->57326K(83456K), 0.0044292 secs] [Times: user=0.00 sys=0.00 real=0.00 secs] 
[GC (Allocation Failure) [PSYoungGen: 29184K->18432K(34304K)] 64494K->64695K(88576K), 0.0061597 secs] [Times: user=0.13 sys=0.00 real=0.01 secs] 
[Full GC (Ergonomics) [PSYoungGen: 18432K->8830K(34304K)] [ParOldGen: 46263K->53993K(82944K)] 64695K->62823K(117248K), [Metaspace: 11292K->11292K(272384K)], 0.0429968 secs] [Times: user=0.25 sys=0.02 real=0.04 secs] 
[GC (Allocation Failure) [PSYoungGen: 16510K->13120K(35840K)] 70503K->70582K(118784K), 0.0050481 secs] [Times: user=0.13 sys=0.00 real=0.00 secs] 
[GC (Allocation Failure) [PSYoungGen: 20800K->20352K(34816K)] 78262K->77814K(117760K), 0.0037305 secs] [Times: user=0.00 sys=0.00 real=0.00 secs] 
[GC (Allocation Failure) [PSYoungGen: 28032K->24624K(36864K)] 85494K->84440K(119808K), 0.0046609 secs] [Times: user=0.00 sys=0.00 real=0.01 secs] 
[GC (Allocation Failure) [PSYoungGen: 32304K->27472K(38912K)] 92120K->91314K(121856K), 0.0079554 secs] [Times: user=0.08 sys=0.03 real=0.01 secs] 
[GC (Allocation Failure) [PSYoungGen: 34128K->26464K(42496K)] 97970K->98204K(125440K), 0.0060625 secs] [Times: user=0.00 sys=0.00 real=0.01 secs] 
[GC (Allocation Failure) [PSYoungGen: 33120K->25520K(45056K)] 104860K->105373K(128000K), 0.0060290 secs] [Times: user=0.13 sys=0.00 real=0.01 secs] 
[Full GC (Ergonomics) [PSYoungGen: 25520K->18645K(45056K)] [ParOldGen: 79853K->82608K(116224K)] 105373K->101254K(161280K), [Metaspace: 11482K->11461K(274432K)], 0.0721756 secs] [Times: user=0.28 sys=0.00 real=0.07 secs] 
[GC (Allocation Failure) [PSYoungGen: 25813K->20864K(46592K)] 108422K->109106K(162816K), 0.0086485 secs] [Times: user=0.00 sys=0.00 real=0.01 secs] 
[GC (Allocation Failure) [PSYoungGen: 28032K->27296K(45056K)] 116274K->115546K(161280K), 0.0060563 secs] [Times: user=0.00 sys=0.00 real=0.01 secs] 
[GC (Allocation Failure) [PSYoungGen: 33952K->33216K(47104K)] 122202K->121474K(163328K), 0.0057482 secs] [Times: user=0.00 sys=0.00 real=0.01 secs] 
[GC (Allocation Failure) [PSYoungGen: 39872K->39232K(46592K)] 128130K->127498K(162816K), 0.0095548 secs] [Times: user=0.08 sys=0.00 real=0.01 secs] 
[GC (Allocation Failure) [PSYoungGen: 42303K->37152K(51712K)] 130570K->130134K(167936K), 0.0108284 secs] [Times: user=0.08 sys=0.00 real=0.01 secs] 
[GC (Allocation Failure) [PSYoungGen: 40224K->35456K(54272K)] 133206K->133639K(170496K), 0.0096681 secs] [Times: user=0.02 sys=0.02 real=0.01 secs] 
[GC (Allocation Failure) [PSYoungGen: 38015K->26592K(29184K)] 136199K->135913K(145408K), 0.0097219 secs] [Times: user=0.00 sys=0.00 real=0.01 secs] 
[Full GC (Ergonomics) [PSYoungGen: 26592K->17268K(29184K)] [ParOldGen: 109321K->116062K(155648K)] 135913K->133331K(184832K), [Metaspace: 11557K->11555K(274432K)], 0.0895505 secs] [Times: user=0.38 sys=0.02 real=0.09 secs] 
[GC (Allocation Failure) [PSYoungGen: 19828K->12832K(53760K)] 135890K->137004K(209408K), 0.0085381 secs] [Times: user=0.00 sys=0.00 real=0.01 secs] 
[GC (Allocation Failure) [PSYoungGen: 16416K->12000K(54272K)] 140588K->140731K(209920K), 0.0055647 secs] [Times: user=0.00 sys=0.00 real=0.01 secs] 
[GC (Allocation Failure) [PSYoungGen: 15584K->13408K(52224K)] 144315K->144101K(207872K), 0.0048844 secs] [Times: user=0.00 sys=0.00 real=0.00 secs] 
[GC (Allocation Failure) [PSYoungGen: 18016K->15296K(19968K)] 148709K->148435K(175616K), 0.0056767 secs] [Times: user=0.00 sys=0.00 real=0.01 secs] 
[GC (Allocation Failure) [PSYoungGen: 19904K->17600K(48640K)] 153043K->152727K(204288K), 0.0047390 secs] [Times: user=0.09 sys=0.00 real=0.01 secs] 
[GC (Allocation Failure) [PSYoungGen: 23232K->22912K(28672K)] 158359K->158047K(184320K), 0.0053976 secs] [Times: user=0.00 sys=0.00 real=0.01 secs] 
[GC (Allocation Failure) [PSYoungGen: 28544K->28000K(49664K)] 163679K->163143K(205312K), 0.0059652 secs] [Times: user=0.00 sys=0.00 real=0.01 secs] 
[GC (Allocation Failure) [PSYoungGen: 34144K->33664K(50176K)] 169287K->168815K(205824K), 0.0064188 secs] [Times: user=0.13 sys=0.00 real=0.01 secs] 
[GC (Allocation Failure) [PSYoungGen: 39808K->39392K(49152K)] 174959K->174551K(204800K), 0.0063366 secs] [Times: user=0.00 sys=0.00 real=0.01 secs] 
[GC (Allocation Failure) [PSYoungGen: 42464K->42112K(53248K)] 177623K->177279K(208896K), 0.0068645 secs] [Times: user=0.03 sys=0.00 real=0.01 secs] 
[GC (Allocation Failure) [PSYoungGen: 45183K->42528K(55296K)] 180351K->180186K(210944K), 0.0077115 secs] [Times: user=0.11 sys=0.02 real=0.01 secs] 
[GC (Allocation Failure) [PSYoungGen: 43552K->36896K(58368K)] 181210K->181333K(214016K), 0.0066775 secs] [Times: user=0.00 sys=0.00 real=0.01 secs] 
[GC (Allocation Failure) [PSYoungGen: 37920K->29312K(54272K)] 182357K->182680K(209920K), 0.0067478 secs] [Times: user=0.00 sys=0.00 real=0.01 secs] 
[Full GC (Ergonomics) [PSYoungGen: 29312K->22812K(54784K)] [ParOldGen: 153368K->155644K(197632K)] 182680K->178457K(252416K), [Metaspace: 11646K->11646K(274432K)], 0.0870029 secs] [Times: user=0.55 sys=0.02 real=0.09 secs] 
[GC (Allocation Failure) [PSYoungGen: 24860K->19648K(22016K)] 180505K->181517K(219648K), 0.0120895 secs] [Times: user=0.11 sys=0.00 real=0.01 secs] 
[GC (Allocation Failure) [PSYoungGen: 21696K->10816K(56832K)] 183565K->183666K(254464K), 0.0056331 secs] [Times: user=0.00 sys=0.00 real=0.01 secs] 
[GC (Allocation Failure) [PSYoungGen: 13376K->7904K(56832K)] 186226K->186366K(254464K), 0.0039789 secs] [Times: user=0.08 sys=0.05 real=0.00 secs] 
[GC (Allocation Failure) [PSYoungGen: 10463K->8448K(57344K)] 188926K->188845K(254976K), 0.0028544 secs] [Times: user=0.00 sys=0.00 real=0.00 secs] 
[GC (Allocation Failure) [PSYoungGen: 12032K->7936K(57856K)] 192429K->192019K(255488K), 0.0032956 secs] [Times: user=0.00 sys=0.00 real=0.00 secs] 
[GC (Allocation Failure) [PSYoungGen: 11520K->6400K(57344K)] 195603K->195380K(254976K), 0.0035308 secs] [Times: user=0.13 sys=0.00 real=0.00 secs] 
[Full GC (Ergonomics) [PSYoungGen: 6400K->0K(57856K)] [ParOldGen: 188980K->191576K(238080K)] 195380K->191576K(295936K), [Metaspace: 11690K->11690K(274432K)], 0.1054226 secs] [Times: user=0.73 sys=0.00 real=0.11 secs] 
[GC (Allocation Failure) [PSYoungGen: 4608K->4256K(56320K)] 196184K->195832K(294400K), 0.0018080 secs] [Times: user=0.00 sys=0.00 real=0.00 secs] 
[GC (Allocation Failure) [PSYoungGen: 9376K->8960K(14336K)] 200952K->200536K(252416K), 0.0024242 secs] [Times: user=0.00 sys=0.00 real=0.00 secs] 
[GC (Allocation Failure) [PSYoungGen: 14079K->13568K(51712K)] 205656K->205144K(289792K), 0.0036482 secs] [Times: user=0.09 sys=0.00 real=0.00 secs] 
[GC (Allocation Failure) [PSYoungGen: 19712K->19328K(25600K)] 211288K->210904K(263680K), 0.0042627 secs] [Times: user=0.00 sys=0.00 real=0.00 secs] 
[GC (Allocation Failure) [PSYoungGen: 25472K->25088K(52736K)] 217048K->216672K(290816K), 0.0047159 secs] [Times: user=0.00 sys=0.00 real=0.00 secs] 
[GC (Allocation Failure) [PSYoungGen: 32256K->31552K(52736K)] 223840K->223144K(290816K), 0.0055873 secs] [Times: user=0.00 sys=0.00 real=0.01 secs] 
[GC (Allocation Failure) [PSYoungGen: 38719K->38016K(52224K)] 230312K->229608K(290304K), 0.0061746 secs] [Times: user=0.00 sys=0.00 real=0.01 secs] 
[GC (Allocation Failure) [PSYoungGen: 42112K->41664K(56320K)] 233704K->233264K(294400K), 0.0065537 secs] [Times: user=0.11 sys=0.00 real=0.01 secs] 
[GC (Allocation Failure) [PSYoungGen: 45760K->45440K(57344K)] 237360K->237048K(295424K), 0.0088402 secs] [Times: user=0.11 sys=0.00 real=0.01 secs] 
[GC (Allocation Failure) [PSYoungGen: 45952K->45984K(61440K)] 237560K->237592K(299520K), 0.0063724 secs] [Times: user=0.13 sys=0.00 real=0.01 secs] 
[GC (Allocation Failure) [PSYoungGen: 46496K->42336K(66048K)] 238104K->238175K(304128K), 0.0072712 secs] [Times: user=0.00 sys=0.00 real=0.01 secs] 
[GC (Allocation Failure) [PSYoungGen: 42848K->33440K(34304K)] 238687K->239298K(272384K), 0.0064626 secs] [Times: user=0.00 sys=0.00 real=0.01 secs] 
[GC (Allocation Failure) [PSYoungGen: 33952K->22496K(61952K)] 239810K->239959K(300032K), 0.0061882 secs] [Times: user=0.13 sys=0.00 real=0.01 secs] 
[GC (Allocation Failure) [PSYoungGen: 23520K->10432K(64000K)] 240983K->241544K(302080K), 0.0053085 secs] [Times: user=0.00 sys=0.00 real=0.01 secs] 
[Full GC (Ergonomics) [PSYoungGen: 10432K->0K(64000K)] [ParOldGen: 231112K->237471K(292352K)] 241544K->237471K(356352K), [Metaspace: 11845K->11845K(274432K)], 0.1079228 secs] [Times: user=0.67 sys=0.03 real=0.11 secs] 
[GC (Allocation Failure) [PSYoungGen: 1536K->1536K(64000K)] 239007K->239007K(356352K), 0.0019152 secs] [Times: user=0.00 sys=0.00 real=0.00 secs] 
[GC (Allocation Failure) [PSYoungGen: 3072K->3008K(64512K)] 240543K->240479K(356864K), 0.0015014 secs] [Times: user=0.02 sys=0.00 real=0.00 secs] 
[GC (Allocation Failure) [PSYoungGen: 5056K->4832K(7168K)] 242527K->242303K(299520K), 0.0018255 secs] [Times: user=0.00 sys=0.00 real=0.00 secs] 
[GC (Allocation Failure) [PSYoungGen: 6880K->6720K(61440K)] 244351K->244191K(353792K), 0.0018216 secs] [Times: user=0.00 sys=0.00 real=0.00 secs] 
[GC (Allocation Failure) [PSYoungGen: 9280K->7616K(10240K)] 246751K->246538K(302592K), 0.0023232 secs] [Times: user=0.00 sys=0.00 real=0.00 secs] 
[GC (Allocation Failure) [PSYoungGen: 10176K->9920K(55808K)] 249098K->248842K(348160K), 0.0023398 secs] [Times: user=0.00 sys=0.00 real=0.00 secs] 
[GC (Allocation Failure) [PSYoungGen: 12992K->12736K(15872K)] 251914K->251658K(308224K), 0.0031014 secs] [Times: user=0.00 sys=0.00 real=0.00 secs] 
[GC (Allocation Failure) [PSYoungGen: 15808K->15488K(49664K)] 254730K->254410K(342016K), 0.0032157 secs] [Times: user=0.00 sys=0.00 real=0.00 secs] 
[GC (Allocation Failure) [PSYoungGen: 19072K->18752K(22528K)] 257994K->257674K(314880K), 0.0033328 secs] [Times: user=0.02 sys=0.00 real=0.00 secs] 
[GC (Allocation Failure) [PSYoungGen: 22335K->22080K(48640K)] 261258K->261002K(340992K), 0.0043801 secs] [Times: user=0.02 sys=0.00 real=0.00 secs] 
[GC (Allocation Failure) [PSYoungGen: 26175K->25824K(49664K)] 265097K->264746K(342016K), 0.0045715 secs] [Times: user=0.00 sys=0.00 real=0.00 secs] 
[GC (Allocation Failure) [PSYoungGen: 29920K->29632K(49152K)] 268842K->268554K(341504K), 0.0045286 secs] [Times: user=0.00 sys=0.00 real=0.00 secs] 
[GC (Allocation Failure) [PSYoungGen: 32703K->32384K(50688K)] 271626K->271306K(343040K), 0.0060782 secs] [Times: user=0.00 sys=0.00 real=0.01 secs] 
[GC (Allocation Failure) [PSYoungGen: 35456K->35296K(50688K)] 274378K->274218K(343040K), 0.0053531 secs] [Times: user=0.00 sys=0.00 real=0.01 secs] 
[GC (Allocation Failure) [PSYoungGen: 36320K->34720K(53248K)] 275242K->274991K(345600K), 0.0054743 secs] [Times: user=0.00 sys=0.00 real=0.01 secs] 
[GC (Allocation Failure) [PSYoungGen: 35744K->31904K(55296K)] 276015K->276217K(347648K), 0.0066849 secs] [Times: user=0.09 sys=0.02 real=0.01 secs] 
[GC (Allocation Failure) [PSYoungGen: 33439K->28672K(30208K)] 277753K->277784K(322560K), 0.0057101 secs] [Times: user=0.11 sys=0.02 real=0.01 secs] 
[GC (Allocation Failure) [PSYoungGen: 30208K->24608K(48640K)] 279320K->279534K(340992K), 0.0055819 secs] [Times: user=0.13 sys=0.00 real=0.01 secs] 
[GC (Allocation Failure) [PSYoungGen: 26652K->19712K(22016K)] 281579K->281826K(314368K), 0.0048109 secs] [Times: user=0.00 sys=0.00 real=0.00 secs] 
[GC (Allocation Failure) [PSYoungGen: 21760K->14080K(49664K)] 283874K->283932K(342016K), 0.0057425 secs] [Times: user=0.11 sys=0.02 real=0.01 secs] 
[GC (Allocation Failure) [PSYoungGen: 16640K->10752K(50176K)] 286492K->286436K(342528K), 0.0042801 secs] [Times: user=0.00 sys=0.00 real=0.00 secs] 
[GC (Allocation Failure) [PSYoungGen: 13311K->11232K(49152K)] 288996K->288867K(341504K), 0.0032102 secs] [Times: user=0.00 sys=0.00 real=0.00 secs] 
[GC (Allocation Failure) [PSYoungGen: 14303K->11296K(49664K)] 291939K->291641K(342016K), 0.0049196 secs] [Times: user=0.00 sys=0.00 real=0.01 secs] 
[Full GC (Ergonomics) [PSYoungGen: 11296K->0K(49664K)] [ParOldGen: 280345K->287483K(343040K)] 291641K->287483K(392704K), [Metaspace: 11889K->11889K(274432K)], 0.1258619 secs] [Times: user=0.61 sys=0.02 real=0.13 secs] 
[GC (Allocation Failure) [PSYoungGen: 4096K->3776K(49664K)] 291579K->291259K(392704K), 0.0022113 secs] [Times: user=0.00 sys=0.00 real=0.00 secs] 
[GC (Allocation Failure) [PSYoungGen: 7872K->7584K(49152K)] 295355K->295067K(392192K), 0.0027467 secs] [Times: user=0.00 sys=0.00 real=0.00 secs] 
[GC (Allocation Failure) [PSYoungGen: 12191K->11872K(16896K)] 299675K->299355K(359936K), 0.0053825 secs] [Times: user=0.00 sys=0.00 real=0.01 secs] 
[GC (Allocation Failure) [PSYoungGen: 16480K->16096K(43008K)] 303963K->303579K(386048K), 0.0042284 secs] [Times: user=0.00 sys=0.00 real=0.00 secs] 
[GC (Allocation Failure) [PSYoungGen: 21216K->20768K(45568K)] 308699K->308251K(388608K), 0.0046963 secs] [Times: user=0.13 sys=0.00 real=0.00 secs] 
[GC (Allocation Failure) [PSYoungGen: 25888K->25344K(45056K)] 313371K->312827K(388096K), 0.0048202 secs] [Times: user=0.00 sys=0.00 real=0.01 secs] 
[GC (Allocation Failure) [PSYoungGen: 30463K->30144K(45568K)] 317947K->317627K(388608K), 0.0055889 secs] [Times: user=0.00 sys=0.00 real=0.01 secs] 
[GC (Allocation Failure) [PSYoungGen: 35263K->34688K(45568K)] 322747K->322171K(388608K), 0.0052678 secs] [Times: user=0.00 sys=0.00 real=0.00 secs] 
[GC (Allocation Failure) [PSYoungGen: 37248K->37056K(48640K)] 324731K->324547K(391680K), 0.0055830 secs] [Times: user=0.13 sys=0.00 real=0.00 secs] 
[GC (Allocation Failure) [PSYoungGen: 39616K->39328K(50176K)] 327107K->326819K(393216K), 0.0067518 secs] [Times: user=0.13 sys=0.00 real=0.01 secs] 
[GC (Allocation Failure) [PSYoungGen: 39840K->39808K(52736K)] 327331K->327299K(395776K), 0.0057924 secs] [Times: user=0.00 sys=0.00 real=0.01 secs] 
[GC (Allocation Failure) [PSYoungGen: 40320K->40224K(56832K)] 327811K->327715K(399872K), 0.0066939 secs] [Times: user=0.00 sys=0.00 real=0.01 secs] 
[GC (Allocation Failure) [PSYoungGen: 40735K->40672K(57344K)] 328227K->328163K(400384K), 0.0056731 secs] [Times: user=0.13 sys=0.00 real=0.01 secs] 
[GC (Allocation Failure) [PSYoungGen: 41184K->37504K(60928K)] 328675K->328923K(403968K), 0.0065507 secs] [Times: user=0.00 sys=0.00 real=0.01 secs] 
[GC (Allocation Failure) [PSYoungGen: 38016K->29856K(30720K)] 329435K->329512K(373760K), 0.0062718 secs] [Times: user=0.09 sys=0.03 real=0.01 secs] 
[GC (Allocation Failure) [PSYoungGen: 30367K->21440K(55808K)] 330024K->330416K(398848K), 0.0056380 secs] [Times: user=0.00 sys=0.00 real=0.01 secs] 
[GC (Allocation Failure) [PSYoungGen: 22464K->13024K(57344K)] 331440K->331676K(400384K), 0.0066811 secs] [Times: user=0.00 sys=0.00 real=0.01 secs] 
[GC (Allocation Failure) [PSYoungGen: 14048K->6912K(57344K)] 332700K->332874K(400384K), 0.0039742 secs] [Times: user=0.08 sys=0.03 real=0.00 secs] 
[GC (Allocation Failure) [PSYoungGen: 7936K->5152K(57856K)] 333898K->333964K(400896K), 0.0029271 secs] [Times: user=0.00 sys=0.00 real=0.00 secs] 
[GC (Allocation Failure) [PSYoungGen: 6176K->5184K(58368K)] 334988K->334962K(401408K), 0.0029535 secs] [Times: user=0.11 sys=0.00 real=0.00 secs] 
[Full GC (Ergonomics) [PSYoungGen: 5184K->0K(58368K)] [ParOldGen: 329778K->330771K(392192K)] 334962K->330771K(450560K), [Metaspace: 11955K->11955K(274432K)], 0.1124534 secs] [Times: user=0.69 sys=0.00 real=0.11 secs] 
[GC (Allocation Failure) [PSYoungGen: 1535K->1536K(57856K)] 332307K->332307K(450048K), 0.0014872 secs] [Times: user=0.00 sys=0.00 real=0.00 secs] 
[GC (Allocation Failure) [PSYoungGen: 3584K->3456K(5632K)] 334355K->334235K(397824K), 0.0018683 secs] [Times: user=0.00 sys=0.00 real=0.00 secs] 
[GC (Allocation Failure) [PSYoungGen: 5502K->5344K(54784K)] 336281K->336123K(446976K), 0.0020338 secs] [Times: user=0.00 sys=0.00 real=0.00 secs] 
[GC (Allocation Failure) [PSYoungGen: 7903K->7712K(10752K)] 338683K->338491K(402944K), 0.0033918 secs] [Times: user=0.13 sys=0.00 real=0.00 secs] 
[GC (Allocation Failure) [PSYoungGen: 10272K->10048K(49664K)] 341051K->340827K(441856K), 0.0029403 secs] [Times: user=0.00 sys=0.00 real=0.00 secs] 
[GC (Allocation Failure) [PSYoungGen: 13119K->12768K(15872K)] 343899K->343547K(408064K), 0.0031398 secs] [Times: user=0.00 sys=0.00 real=0.00 secs] 
[GC (Allocation Failure) [PSYoungGen: 15840K->15552K(43520K)] 346619K->346339K(435712K), 0.0036258 secs] [Times: user=0.00 sys=0.00 real=0.00 secs] 
[GC (Allocation Failure) [PSYoungGen: 19136K->18784K(22528K)] 349923K->349571K(414720K), 0.0035226 secs] [Times: user=0.00 sys=0.00 real=0.00 secs] 
[GC (Allocation Failure) [PSYoungGen: 22368K->21952K(45056K)] 353155K->352739K(437248K), 0.0048809 secs] [Times: user=0.00 sys=0.00 real=0.01 secs] 
[GC (Allocation Failure) [PSYoungGen: 26048K->25728K(45568K)] 356835K->356515K(437760K), 0.0049351 secs] [Times: user=0.00 sys=0.00 real=0.00 secs] 
[GC (Allocation Failure) [PSYoungGen: 29824K->29504K(44544K)] 360611K->360291K(436736K), 0.0048099 secs] [Times: user=0.00 sys=0.00 real=0.01 secs] 
[GC (Allocation Failure) [PSYoungGen: 31552K->31360K(47104K)] 362339K->362147K(439296K), 0.0059000 secs] [Times: user=0.06 sys=0.00 real=0.01 secs] 
[GC (Allocation Failure) [PSYoungGen: 33408K->33184K(47616K)] 364195K->363971K(439808K), 0.0064658 secs] [Times: user=0.00 sys=0.00 real=0.01 secs] 
[GC (Allocation Failure) [PSYoungGen: 33696K->33696K(49664K)] 364483K->364483K(441856K), 0.0066284 secs] [Times: user=0.13 sys=0.00 real=0.01 secs] 
[GC (Allocation Failure) [PSYoungGen: 34208K->32672K(51712K)] 364995K->364957K(443904K), 0.0062740 secs] [Times: user=0.00 sys=0.00 real=0.01 secs] 
[GC (Allocation Failure) [PSYoungGen: 33184K->29344K(52224K)] 365469K->365467K(444416K), 0.0065640 secs] [Times: user=0.00 sys=0.00 real=0.01 secs] 
[GC (Allocation Failure) [PSYoungGen: 29855K->25152K(48640K)] 365979K->365914K(440832K), 0.0058621 secs] [Times: user=0.09 sys=0.03 real=0.01 secs] 
[GC (Allocation Failure) [PSYoungGen: 26176K->20512K(22016K)] 366938K->367061K(414208K), 0.0058182 secs] [Times: user=0.00 sys=0.00 real=0.01 secs] 
[GC (Allocation Failure) [PSYoungGen: 21535K->15040K(47104K)] 368085K->368502K(439296K), 0.0056884 secs] [Times: user=0.00 sys=0.00 real=0.01 secs] 
[GC (Allocation Failure) [PSYoungGen: 16576K->8896K(48128K)] 370038K->370463K(440320K), 0.0052143 secs] [Times: user=0.00 sys=0.00 real=0.01 secs] 
[GC (Allocation Failure) [PSYoungGen: 10432K->6656K(48640K)] 371999K->371982K(440832K), 0.0050477 secs] [Times: user=0.00 sys=0.00 real=0.01 secs] 
[GC (Allocation Failure) [PSYoungGen: 8704K->7648K(48640K)] 374030K->373912K(440832K), 0.0043203 secs] [Times: user=0.00 sys=0.00 real=0.00 secs] 
[GC (Allocation Failure) [PSYoungGen: 9692K->8576K(46592K)] 375956K->375773K(438784K), 0.0039961 secs] [Times: user=0.09 sys=0.02 real=0.00 secs] 
[GC (Allocation Failure) [PSYoungGen: 11136K->9152K(11776K)] 378333K->378407K(403968K), 0.0049858 secs] [Times: user=0.08 sys=0.00 real=0.00 secs] 
[GC (Allocation Failure) [PSYoungGen: 11712K->10080K(44544K)] 380967K->380818K(436736K), 0.0042885 secs] [Times: user=0.00 sys=0.00 real=0.00 secs] 
[GC (Allocation Failure) [PSYoungGen: 13148K->11488K(14848K)] 383886K->383648K(407040K), 0.0052532 secs] [Times: user=0.05 sys=0.00 real=0.01 secs] 
[GC (Allocation Failure) [PSYoungGen: 14556K->12352K(39424K)] 386716K->386339K(431616K), 0.0042474 secs] [Times: user=0.00 sys=0.00 real=0.00 secs] 
[GC (Allocation Failure) [PSYoungGen: 15936K->13792K(17408K)] 389923K->389570K(409600K), 0.0038975 secs] [Times: user=0.00 sys=0.00 real=0.00 secs] 
[GC (Allocation Failure) [PSYoungGen: 17376K->17024K(38400K)] 393154K->392802K(430592K), 0.0038288 secs] [Times: user=0.00 sys=0.00 real=0.00 secs] 
[GC (Allocation Failure) [PSYoungGen: 21120K->20768K(39424K)] 396898K->396554K(431616K), 0.0035622 secs] [Times: user=0.00 sys=0.00 real=0.00 secs] 
[GC (Allocation Failure) [PSYoungGen: 24863K->24608K(38912K)] 400650K->400394K(431104K), 0.0055818 secs] [Times: user=0.00 sys=0.00 real=0.01 secs] 
[GC (Allocation Failure) [PSYoungGen: 28192K->27968K(39936K)] 403978K->403754K(432128K), 0.0045917 secs] [Times: user=0.13 sys=0.00 real=0.01 secs] 
[GC (Allocation Failure) [PSYoungGen: 31551K->31296K(40448K)] 407338K->407082K(432640K), 0.0047302 secs] [Times: user=0.13 sys=0.00 real=0.00 secs] 
[GC (Allocation Failure) [PSYoungGen: 32832K->32640K(43008K)] 408618K->408426K(435200K), 0.0054126 secs] [Times: user=0.00 sys=0.00 real=0.00 secs] 
[GC (Allocation Failure) [PSYoungGen: 34176K->29248K(46080K)] 409962K->410054K(438272K), 0.0056994 secs] [Times: user=0.00 sys=0.00 real=0.00 secs] 
[GC (Allocation Failure) [PSYoungGen: 30783K->25024K(26624K)] 411590K->411717K(418816K), 0.0053067 secs] [Times: user=0.13 sys=0.00 real=0.01 secs] 
[Full GC (Ergonomics) [PSYoungGen: 25024K->13698K(26624K)] [ParOldGen: 386693K->392078K(453632K)] 411717K->405776K(480256K), [Metaspace: 12024K->12024K(274432K)], 0.2477300 secs] [Times: user=1.52 sys=0.02 real=0.25 secs] 
[GC (Allocation Failure) [PSYoungGen: 15234K->14016K(45056K)] 407312K->407710K(498688K), 0.0195146 secs] [Times: user=0.13 sys=0.00 real=0.02 secs] 
[GC (Allocation Failure) [PSYoungGen: 16064K->14432K(16896K)] 409758K->409759K(470528K), 0.0041726 secs] [Times: user=0.00 sys=0.00 real=0.00 secs] 
[GC (Allocation Failure) [PSYoungGen: 16480K->11552K(43520K)] 411807K->411641K(497152K), 0.0046605 secs] [Times: user=0.13 sys=0.00 real=0.00 secs] 
[GC (Allocation Failure) [PSYoungGen: 14112K->9792K(44032K)] 414201K->414268K(497664K), 0.0047279 secs] [Times: user=0.11 sys=0.02 real=0.01 secs] 
[GC (Allocation Failure) [PSYoungGen: 12352K->9824K(43008K)] 416828K->416832K(496640K), 0.0040211 secs] [Times: user=0.00 sys=0.00 real=0.01 secs] 
[GC (Allocation Failure) [PSYoungGen: 12896K->9568K(43520K)] 419904K->419884K(497152K), 0.0042294 secs] [Times: user=0.00 sys=0.00 real=0.00 secs] 
[GC (Allocation Failure) [PSYoungGen: 12640K->8224K(41472K)] 422956K->422920K(495104K), 0.0042679 secs] [Times: user=0.00 sys=0.00 real=0.00 secs] 
[GC (Allocation Failure) [PSYoungGen: 12320K->6848K(42496K)] 427016K->427097K(496128K), 0.0043160 secs] [Times: user=0.00 sys=0.00 real=0.01 secs] 
[GC (Allocation Failure) [PSYoungGen: 10943K->7808K(39936K)] 431193K->430862K(493568K), 0.0037398 secs] [Times: user=0.06 sys=0.06 real=0.00 secs] 
[GC (Allocation Failure) [PSYoungGen: 12415K->8064K(12800K)] 435470K->435099K(466432K), 0.0041175 secs] [Times: user=0.13 sys=0.00 real=0.01 secs] 
[GC (Allocation Failure) [PSYoungGen: 12672K->8544K(37888K)] 439707K->439500K(491520K), 0.0041394 secs] [Times: user=0.00 sys=0.00 real=0.00 secs] 
[GC (Allocation Failure) [PSYoungGen: 13664K->9184K(14336K)] 444620K->444507K(467968K), 0.0074754 secs] [Times: user=0.06 sys=0.00 real=0.01 secs] 
[GC (Allocation Failure) [PSYoungGen: 14304K->9824K(35840K)] 449627K->449641K(489472K), 0.0048983 secs] [Times: user=0.00 sys=0.02 real=0.01 secs] 
[GC (Allocation Failure) [PSYoungGen: 15456K->14912K(37376K)] 455273K->454737K(491008K), 0.0041807 secs] [Times: user=0.00 sys=0.00 real=0.01 secs] 
[GC (Allocation Failure) [PSYoungGen: 20544K->20128K(36352K)] 460369K->459961K(489984K), 0.0053960 secs] [Times: user=0.09 sys=0.00 real=0.01 secs] 
[GC (Allocation Failure) [PSYoungGen: 25759K->25088K(37376K)] 465593K->464921K(491008K), 0.0055031 secs] [Times: user=0.00 sys=0.00 real=0.01 secs] 
[GC (Allocation Failure) [PSYoungGen: 30720K->30176K(36352K)] 470553K->470009K(489984K), 0.0063285 secs] [Times: user=0.13 sys=0.00 real=0.01 secs] 
[GC (Allocation Failure) [PSYoungGen: 32735K->32512K(40448K)] 472569K->472345K(494080K), 0.0063706 secs] [Times: user=0.00 sys=0.00 real=0.01 secs] 
[GC (Allocation Failure) [PSYoungGen: 35072K->30080K(43008K)] 474905K->474993K(496640K), 0.0077137 secs] [Times: user=0.00 sys=0.00 real=0.01 secs] 
[GC (Allocation Failure) [PSYoungGen: 31100K->21024K(22528K)] 476013K->476020K(480256K), 0.0081036 secs] [Times: user=0.00 sys=0.00 real=0.01 secs] 
[Full GC (Ergonomics) [PSYoungGen: 21024K->12294K(22528K)] [ParOldGen: 454996K->457425K(524288K)] 476020K->469719K(546816K), [Metaspace: 12119K->12119K(274432K)], 0.1536112 secs] [Times: user=1.14 sys=0.00 real=0.15 secs] 
[GC (Allocation Failure) [PSYoungGen: 13318K->7488K(43520K)] 470743K->471344K(567808K), 0.0258232 secs] [Times: user=0.17 sys=0.02 real=0.03 secs] 
[GC (Allocation Failure) [PSYoungGen: 9024K->4960K(43520K)] 472880K->473056K(567808K), 0.0051507 secs] [Times: user=0.00 sys=0.00 real=0.00 secs] 
[GC (Allocation Failure) [PSYoungGen: 6495K->3904K(43008K)] 474592K->474810K(567296K), 0.0039273 secs] [Times: user=0.00 sys=0.00 real=0.00 secs] 
[GC (Allocation Failure) [PSYoungGen: 5952K->3456K(43520K)] 476858K->476673K(567808K), 0.0038290 secs] [Times: user=0.00 sys=0.00 real=0.00 secs] 
[GC (Allocation Failure) [PSYoungGen: 5504K->2112K(42496K)] 478721K->478632K(566784K), 0.0036307 secs] [Times: user=0.00 sys=0.00 real=0.00 secs] 
[GC (Allocation Failure) [PSYoungGen: 4672K->2528K(5120K)] 481192K->480908K(529408K), 0.0034201 secs] [Times: user=0.00 sys=0.00 real=0.00 secs] 
[GC (Allocation Failure) [PSYoungGen: 5088K->2496K(40448K)] 483468K->483301K(564736K), 0.0035405 secs] [Times: user=0.00 sys=0.00 real=0.00 secs] 
[GC (Allocation Failure) [PSYoungGen: 5568K->2976K(6144K)] 486373K->486290K(530432K), 0.0035508 secs] [Times: user=0.00 sys=0.00 real=0.00 secs] 
[GC (Allocation Failure) [PSYoungGen: 6047K->2912K(38400K)] 489362K->489155K(562688K), 0.0041325 secs] [Times: user=0.00 sys=0.00 real=0.00 secs] 
[GC (Allocation Failure) [PSYoungGen: 6496K->3424K(7168K)] 492739K->492549K(531456K), 0.0037294 secs] [Times: user=0.00 sys=0.00 real=0.00 secs] 
[GC (Allocation Failure) [PSYoungGen: 7008K->3456K(36352K)] 496133K->496082K(560640K), 0.0040502 secs] [Times: user=0.00 sys=0.00 real=0.00 secs] 
[GC (Allocation Failure) [PSYoungGen: 8064K->4384K(9216K)] 500690K->500617K(533504K), 0.0042575 secs] [Times: user=0.00 sys=0.00 real=0.00 secs] 
[GC (Allocation Failure) [PSYoungGen: 8992K->4448K(32256K)] 505225K->505313K(556544K), 0.0048211 secs] [Times: user=0.00 sys=0.00 real=0.00 secs] 
[GC (Allocation Failure) [PSYoungGen: 9568K->4896K(10240K)] 510433K->510128K(534528K), 0.0047416 secs] [Times: user=0.11 sys=0.02 real=0.00 secs] 
[GC (Allocation Failure) [PSYoungGen: 10016K->9504K(30208K)] 515248K->514736K(554496K), 0.0044171 secs] [Times: user=0.00 sys=0.00 real=0.00 secs] 
[GC (Allocation Failure) [PSYoungGen: 15136K->14720K(31744K)] 520368K->519952K(556032K), 0.0065238 secs] [Times: user=0.00 sys=0.00 real=0.01 secs] 
[GC (Allocation Failure) [PSYoungGen: 20352K->19904K(31232K)] 525584K->525136K(555520K), 0.0065746 secs] [Times: user=0.00 sys=0.00 real=0.01 secs] 
[GC (Allocation Failure) [PSYoungGen: 24000K->23680K(33792K)] 529232K->528912K(558080K), 0.0060514 secs] [Times: user=0.00 sys=0.00 real=0.01 secs] 
[GC (Allocation Failure) [PSYoungGen: 27776K->22880K(34816K)] 533008K->532837K(559104K), 0.0073135 secs] [Times: user=0.13 sys=0.00 real=0.01 secs] 
[GC (Allocation Failure) [PSYoungGen: 24928K->20128K(37376K)] 534885K->535010K(561664K), 0.0058464 secs] [Times: user=0.11 sys=0.02 real=0.01 secs] 
[GC (Allocation Failure) [PSYoungGen: 22176K->16832K(36352K)] 537058K->537061K(560640K), 0.0062133 secs] [Times: user=0.09 sys=0.02 real=0.01 secs] 
[Full GC (Ergonomics) [PSYoungGen: 16832K->7219K(36864K)] [ParOldGen: 520229K->523889K(594432K)] 537061K->531109K(631296K), [Metaspace: 12122K->12122K(274432K)], 0.1755570 secs] [Times: user=1.05 sys=0.02 real=0.18 secs] 
[GC (Allocation Failure) [PSYoungGen: 10291K->6208K(37888K)] 534181K->534587K(632320K), 0.0229158 secs] [Times: user=0.13 sys=0.00 real=0.02 secs] 
[GC (Allocation Failure) [PSYoungGen: 9280K->7296K(34816K)] 537659K->537443K(629248K), 0.0039464 secs] [Times: user=0.00 sys=0.00 real=0.00 secs] 
[GC (Allocation Failure) [PSYoungGen: 10880K->9952K(13824K)] 541027K->540806K(608256K), 0.0042046 secs] [Times: user=0.00 sys=0.02 real=0.01 secs] 
[GC (Allocation Failure) [PSYoungGen: 13536K->12256K(31232K)] 544390K->544078K(625664K), 0.0044599 secs] [Times: user=0.00 sys=0.00 real=0.00 secs] 
[GC (Allocation Failure) [PSYoungGen: 16352K->13248K(17408K)] 548174K->547974K(611840K), 0.0048739 secs] [Times: user=0.00 sys=0.00 real=0.01 secs] 
[GC (Allocation Failure) [PSYoungGen: 17344K->14240K(31744K)] 552070K->552043K(626176K), 0.0053837 secs] [Times: user=0.00 sys=0.00 real=0.01 secs] 
[GC (Allocation Failure) [PSYoungGen: 18848K->15040K(32256K)] 556651K->556307K(626688K), 0.0056721 secs] [Times: user=0.02 sys=0.02 real=0.00 secs] 
[GC (Allocation Failure) [PSYoungGen: 19648K->16096K(31232K)] 560915K->560743K(625664K), 0.0052203 secs] [Times: user=0.13 sys=0.00 real=0.00 secs] 
[GC (Allocation Failure) [PSYoungGen: 21216K->17152K(31744K)] 565863K->565678K(626176K), 0.0055282 secs] [Times: user=0.00 sys=0.00 real=0.01 secs] 
[GC (Allocation Failure) [PSYoungGen: 22272K->21696K(31232K)] 570798K->570222K(625664K), 0.0054624 secs] [Times: user=0.13 sys=0.00 real=0.01 secs] 
[GC (Allocation Failure) [PSYoungGen: 25792K->25536K(32768K)] 574318K->574062K(627200K), 0.0064807 secs] [Times: user=0.00 sys=0.00 real=0.01 secs] 
[GC (Allocation Failure) [PSYoungGen: 29632K->25440K(34304K)] 578158K->577925K(628736K), 0.0072094 secs] [Times: user=0.02 sys=0.00 real=0.01 secs] 
[GC (Allocation Failure) [PSYoungGen: 27999K->23552K(36352K)] 580485K->580502K(630784K), 0.0070374 secs] [Times: user=0.13 sys=0.00 real=0.01 secs] 
[GC (Allocation Failure) [PSYoungGen: 26111K->21632K(37888K)] 583062K->583051K(632320K), 0.0072182 secs] [Times: user=0.00 sys=0.00 real=0.01 secs] 
[GC (Allocation Failure) [PSYoungGen: 24704K->19664K(37888K)] 586123K->585877K(632320K), 0.0112253 secs] [Times: user=0.11 sys=0.00 real=0.01 secs] 
[GC (Allocation Failure) [PSYoungGen: 22736K->14192K(35840K)] 588949K->589088K(630272K), 0.0076239 secs] [Times: user=0.11 sys=0.02 real=0.01 secs] 
[GC (Allocation Failure) [PSYoungGen: 18288K->14320K(36864K)] 593184K->593208K(631296K), 0.0054422 secs] [Times: user=0.00 sys=0.00 real=0.01 secs] 
[GC (Allocation Failure) [PSYoungGen: 18416K->15808K(34816K)] 597304K->597143K(629248K), 0.0054599 secs] [Times: user=0.00 sys=0.00 real=0.01 secs] 
[GC (Allocation Failure) [PSYoungGen: 20928K->18256K(23552K)] 602263K->602161K(617984K), 0.0055231 secs] [Times: user=0.00 sys=0.00 real=0.01 secs] 
[GC (Allocation Failure) [PSYoungGen: 23376K->20096K(35328K)] 607281K->606978K(629760K), 0.0058357 secs] [Times: user=0.00 sys=0.00 real=0.01 secs] 
[GC (Allocation Failure) [PSYoungGen: 25728K->22400K(35328K)] 612610K->612109K(629760K), 0.0058071 secs] [Times: user=0.02 sys=0.00 real=0.01 secs] 
[Full GC (Ergonomics) [PSYoungGen: 22400K->10669K(35328K)] [ParOldGen: 589709K->594319K(671232K)] 612109K->604988K(706560K), [Metaspace: 12128K->12128K(274432K)], 0.1916097 secs] [Times: user=1.19 sys=0.05 real=0.19 secs] 
[GC (Allocation Failure) [PSYoungGen: 16301K->14720K(35840K)] 610620K->610451K(707072K), 0.0245853 secs] [Times: user=0.22 sys=0.00 real=0.03 secs] 
[GC (Allocation Failure) [PSYoungGen: 21376K->20736K(36352K)] 617107K->616467K(707584K), 0.0054094 secs] [Times: user=0.00 sys=0.00 real=0.01 secs] 
[GC (Allocation Failure) [PSYoungGen: 27392K->26880K(35328K)] 623123K->622611K(706560K), 0.0063623 secs] [Times: user=0.13 sys=0.00 real=0.01 secs] 
[GC (Allocation Failure) [PSYoungGen: 32512K->31744K(37376K)] 628243K->627635K(708608K), 0.0072837 secs] [Times: user=0.00 sys=0.00 real=0.01 secs] 
[GC (Allocation Failure) [PSYoungGen: 37376K->33600K(38400K)] 633267K->633343K(709632K), 0.0092748 secs] [Times: user=0.00 sys=0.00 real=0.01 secs] 
[GC (Allocation Failure) [PSYoungGen: 36672K->33408K(41984K)] 636415K->636405K(713216K), 0.0118100 secs] [Times: user=0.13 sys=0.00 real=0.01 secs] 
[GC (Allocation Failure) [PSYoungGen: 36480K->28256K(45056K)] 639477K->639507K(716288K), 0.0082139 secs] [Times: user=0.11 sys=0.02 real=0.01 secs] 
[GC (Allocation Failure) [PSYoungGen: 31840K->19584K(23552K)] 643091K->643677K(694784K), 0.0081725 secs] [Times: user=0.00 sys=0.00 real=0.01 secs] 
[GC (Allocation Failure) [PSYoungGen: 23168K->12448K(45056K)] 647261K->647222K(716288K), 0.0077776 secs] [Times: user=0.00 sys=0.00 real=0.01 secs] 
[GC (Allocation Failure) [PSYoungGen: 17055K->11072K(45056K)] 651830K->651891K(716288K), 0.0057020 secs] [Times: user=0.13 sys=0.00 real=0.01 secs] 
[GC (Allocation Failure) [PSYoungGen: 15680K->8608K(46080K)] 656499K->656184K(717312K), 0.0056352 secs] [Times: user=0.00 sys=0.00 real=0.01 secs] 
[GC (Allocation Failure) [PSYoungGen: 14239K->5440K(46080K)] 661816K->661915K(717312K), 0.0068094 secs] [Times: user=0.00 sys=0.00 real=0.01 secs] 
[GC (Allocation Failure) [PSYoungGen: 11072K->5408K(47616K)] 667547K->667542K(718848K), 0.0055218 secs] [Times: user=0.00 sys=0.00 real=0.01 secs] 
[Full GC (Ergonomics) [PSYoungGen: 5408K->0K(47616K)] [ParOldGen: 662134K->661060K(699392K)] 667542K->661060K(747008K), [Metaspace: 12132K->12132K(274432K)], 0.1565090 secs] [Times: user=1.13 sys=0.00 real=0.16 secs] 
[GC (Allocation Failure) [PSYoungGen: 6656K->6176K(47616K)] 667716K->667236K(747008K), 0.0028698 secs] [Times: user=0.00 sys=0.00 real=0.00 secs] 
[GC (Allocation Failure) [PSYoungGen: 13856K->13248K(20992K)] 674916K->674308K(720384K), 0.0035602 secs] [Times: user=0.00 sys=0.00 real=0.00 secs] 
[GC (Allocation Failure) [PSYoungGen: 20927K->20256K(46080K)] 681988K->681316K(745472K), 0.0042315 secs] [Times: user=0.13 sys=0.00 real=0.00 secs] 
[GC (Allocation Failure) [PSYoungGen: 28960K->28160K(46592K)] 690020K->689220K(745984K), 0.0066893 secs] [Times: user=0.00 sys=0.00 real=0.01 secs] 
[GC (Allocation Failure) [PSYoungGen: 36863K->36320K(44544K)] 697924K->697380K(743936K), 0.0081318 secs] [Times: user=0.11 sys=0.00 real=0.01 secs] 
[GC (Allocation Failure) [PSYoungGen: 40928K->40512K(49664K)] 701988K->701572K(749056K), 0.0077752 secs] [Times: user=0.00 sys=0.00 real=0.01 secs] 
[GC (Allocation Failure) [PSYoungGen: 45120K->44640K(50688K)] 706180K->705700K(750080K), 0.0091528 secs] [Times: user=0.13 sys=0.00 real=0.01 secs] 
[GC (Allocation Failure) [PSYoungGen: 45152K->45120K(55296K)] 706212K->706180K(754688K), 0.0084497 secs] [Times: user=0.09 sys=0.00 real=0.01 secs] 
[GC (Allocation Failure) [PSYoungGen: 45632K->32480K(59904K)] 706692K->706768K(759296K), 0.0094815 secs] [Times: user=0.11 sys=0.00 real=0.01 secs] 
[GC (Allocation Failure) [PSYoungGen: 33503K->18528K(19968K)] 707792K->708829K(719360K), 0.0077321 secs] [Times: user=0.00 sys=0.00 real=0.01 secs] 
[Full GC (Ergonomics) [PSYoungGen: 18528K->5895K(19968K)] [ParOldGen: 690301K->699181K(699392K)] 708829K->705076K(719360K), [Metaspace: 12132K->12132K(274432K)], 0.2565409 secs] [Times: user=1.41 sys=0.00 real=0.26 secs] 
[Full GC (Ergonomics) [PSYoungGen: 6919K->6268K(19968K)] [ParOldGen: 699181K->699210K(699392K)] 706100K->705478K(719360K), [Metaspace: 12132K->12118K(274432K)], 0.4297910 secs] [Times: user=2.80 sys=0.02 real=0.43 secs] 
[Full GC (Ergonomics) [PSYoungGen: 6405K->6371K(19968K)] [ParOldGen: 699210K->699070K(699392K)] 705615K->705441K(719360K), [Metaspace: 12118K->12118K(274432K)], 0.1505539 secs] [Times: user=1.05 sys=0.00 real=0.15 secs] 
[Full GC (Ergonomics) [PSYoungGen: 6403K->6377K(19968K)] [ParOldGen: 699070K->699036K(699392K)] 705473K->705414K(719360K), [Metaspace: 12118K->12118K(274432K)], 0.3458985 secs] [Times: user=2.33 sys=0.00 real=0.35 secs] 
[Full GC (Ergonomics) [PSYoungGen: 6401K->6382K(19968K)] [ParOldGen: 699036K->699027K(699392K)] 705438K->705410K(719360K), [Metaspace: 12118K->12118K(274432K)], 0.1399633 secs] [Times: user=0.78 sys=0.00 real=0.14 secs] 
[Full GC (Ergonomics) [PSYoungGen: 6401K->6385K(19968K)] [ParOldGen: 699027K->699023K(699392K)] 705429K->705409K(719360K), [Metaspace: 12118K->12118K(274432K)], 0.1394164 secs] [Times: user=0.91 sys=0.02 real=0.14 secs] 
[Full GC (Ergonomics) [PSYoungGen: 6401K->6387K(19968K)] [ParOldGen: 699023K->699018K(699392K)] 705425K->705405K(719360K), [Metaspace: 12118K->12118K(274432K)], 0.1055460 secs] [Times: user=0.77 sys=0.00 real=0.11 secs] 
[Full GC (Ergonomics) [PSYoungGen: 6401K->6388K(19968K)] [ParOldGen: 699018K->699014K(699392K)] 705419K->705403K(719360K), [Metaspace: 12118K->12118K(274432K)], 0.0940799 secs] [Times: user=0.64 sys=0.00 real=0.09 secs] 
[Full GC (Ergonomics) [PSYoungGen: 6401K->6389K(19968K)] [ParOldGen: 699014K->699014K(699392K)] 705416K->705403K(719360K), [Metaspace: 12118K->12118K(274432K)], 0.0912821 secs] [Times: user=0.63 sys=0.00 real=0.09 secs] 
[Full GC (Ergonomics) [PSYoungGen: 6401K->6390K(19968K)] [ParOldGen: 699014K->699014K(699392K)] 705416K->705405K(719360K), [Metaspace: 12118K->12118K(274432K)], 0.0996437 secs] [Times: user=0.64 sys=0.00 real=0.10 secs] 
[Full GC (Ergonomics) [PSYoungGen: 6401K->6391K(19968K)] [ParOldGen: 699014K->699014K(699392K)] 705416K->705406K(719360K), [Metaspace: 12118K->12118K(274432K)], 0.0915289 secs] [Times: user=0.61 sys=0.00 real=0.09 secs] 
[Full GC (Ergonomics) [PSYoungGen: 6401K->6392K(19968K)] [ParOldGen: 699014K->699014K(699392K)] 705416K->705407K(719360K), [Metaspace: 12118K->12118K(274432K)], 0.1219823 secs] [Times: user=0.77 sys=0.00 real=0.12 secs] 
[Full GC (Ergonomics) [PSYoungGen: 6401K->6394K(19968K)] [ParOldGen: 699014K->699014K(699392K)] 705416K->705408K(719360K), [Metaspace: 12118K->12118K(274432K)], 0.1091465 secs] [Times: user=0.67 sys=0.02 real=0.11 secs] 
[Full GC (Ergonomics) [PSYoungGen: 6401K->6394K(19968K)] [ParOldGen: 699014K->699014K(699392K)] 705416K->705409K(719360K), [Metaspace: 12118K->12118K(274432K)], 0.0954734 secs] [Times: user=0.64 sys=0.00 real=0.10 secs] 
[Full GC (Ergonomics) [PSYoungGen: 6401K->6395K(19968K)] [ParOldGen: 699014K->699014K(699392K)] 705416K->705410K(719360K), [Metaspace: 12118K->12118K(274432K)], 0.1001314 secs] [Times: user=0.86 sys=0.00 real=0.10 secs] 
[Full GC (Ergonomics) [PSYoungGen: 6401K->6381K(19968K)] [ParOldGen: 699014K->699011K(699392K)] 705416K->705393K(719360K), [Metaspace: 12118K->12118K(274432K)], 0.1449681 secs] [Times: user=0.84 sys=0.02 real=0.14 secs] 
[Full GC (Ergonomics) [PSYoungGen: 6388K->6383K(19968K)] [ParOldGen: 699011K->699011K(699392K)] 705400K->705395K(719360K), [Metaspace: 12118K->12118K(274432K)], 0.1491364 secs] [Times: user=0.94 sys=0.00 real=0.15 secs] 
[Full GC (Ergonomics) [PSYoungGen: 6388K->6384K(19968K)] [ParOldGen: 699011K->699011K(699392K)] 705400K->705395K(719360K), [Metaspace: 12118K->12118K(274432K)], 0.1631107 secs] [Times: user=0.91 sys=0.00 real=0.16 secs] 
[Full GC (Ergonomics) [PSYoungGen: 6388K->6383K(19968K)] [ParOldGen: 699011K->699011K(699392K)] 705400K->705395K(719360K), [Metaspace: 12118K->12118K(274432K)], 0.1729796 secs] [Times: user=1.02 sys=0.00 real=0.17 secs] 
[Full GC (Ergonomics) [PSYoungGen: 6388K->6385K(19968K)] [ParOldGen: 699011K->699009K(699392K)] 705399K->705395K(719360K), [Metaspace: 12118K->12118K(274432K)], 0.1907746 secs] [Times: user=1.06 sys=0.00 real=0.19 secs] 
[Full GC (Ergonomics) [PSYoungGen: 6388K->6386K(19968K)] [ParOldGen: 699009K->699009K(699392K)] 705397K->705395K(719360K), [Metaspace: 12118K->12118K(274432K)], 0.2001291 secs] [Times: user=1.11 sys=0.00 real=0.20 secs] 
[Full GC (Ergonomics) [PSYoungGen: 6388K->6387K(19968K)] [ParOldGen: 699009K->699008K(699392K)] 705397K->705395K(719360K), [Metaspace: 12118K->12118K(274432K)], 0.1842122 secs] [Times: user=1.16 sys=0.00 real=0.19 secs] 
[Full GC (Ergonomics) [PSYoungGen: 6388K->6387K(19968K)] [ParOldGen: 699008K->699008K(699392K)] 705396K->705395K(719360K), [Metaspace: 12118K->12118K(274432K)], 0.1702672 secs] [Times: user=1.13 sys=0.00 real=0.17 secs] 
[Full GC (Ergonomics) [PSYoungGen: 6388K->6387K(19968K)] [ParOldGen: 699008K->699006K(699392K)] 705396K->705394K(719360K), [Metaspace: 12118K->12118K(274432K)], 0.1850108 secs] [Times: user=1.19 sys=0.00 real=0.19 secs] 
[Full GC (Ergonomics) [PSYoungGen: 6388K->6387K(19968K)] [ParOldGen: 699006K->699006K(699392K)] 705395K->705394K(719360K), [Metaspace: 12118K->12118K(274432K)], 0.1825457 secs] [Times: user=1.09 sys=0.02 real=0.18 secs] 
[Full GC (Ergonomics) [PSYoungGen: 6388K->6387K(19968K)] [ParOldGen: 699006K->699006K(699392K)] 705395K->705394K(719360K), [Metaspace: 12118K->12118K(274432K)], 0.1383352 secs] [Times: user=0.89 sys=0.03 real=0.14 secs] 
[Full GC (Ergonomics) [PSYoungGen: 6388K->6388K(19968K)] [ParOldGen: 699006K->699006K(699392K)] 705395K->705394K(719360K), [Metaspace: 12118K->12118K(274432K)], 0.1642344 secs] [Times: user=1.23 sys=0.02 real=0.16 secs] 
[Full GC (Ergonomics) [PSYoungGen: 6388K->6387K(19968K)] [ParOldGen: 699010K->699007K(699392K)] 705399K->705395K(719360K), [Metaspace: 12118K->12118K(274432K)], 0.1732997 secs] [Times: user=1.09 sys=0.02 real=0.17 secs] 
[Full GC (Ergonomics) [PSYoungGen: 6388K->6388K(19968K)] [ParOldGen: 699007K->699007K(699392K)] 705396K->705395K(719360K), [Metaspace: 12118K->12118K(274432K)], 0.1365790 secs] [Times: user=0.94 sys=0.00 real=0.14 secs] 
[Full GC (Ergonomics) [PSYoungGen: 6388K->6388K(19968K)] [ParOldGen: 699007K->698983K(699392K)] 705396K->705372K(719360K), [Metaspace: 12118K->12118K(274432K)], 0.2053986 secs] [Times: user=1.28 sys=0.02 real=0.21 secs] 
[Full GC (Ergonomics) [PSYoungGen: 6388K->6383K(19968K)] [ParOldGen: 698991K->698981K(699392K)] 705379K->705364K(719360K), [Metaspace: 12118K->12118K(274432K)], 0.1855735 secs] [Times: user=1.22 sys=0.00 real=0.19 secs] 
[Full GC (Ergonomics) [PSYoungGen: 6383K->6379K(19968K)] [ParOldGen: 698984K->698961K(699392K)] 705368K->705341K(719360K), [Metaspace: 12118K->12118K(274432K)], 0.2063404 secs] [Times: user=0.97 sys=0.02 real=0.21 secs] 
[Full GC (Ergonomics) [PSYoungGen: 6379K->6374K(19968K)] [ParOldGen: 698965K->698957K(699392K)] 705345K->705332K(719360K), [Metaspace: 12118K->12118K(274432K)], 0.2173467 secs] [Times: user=1.03 sys=0.00 real=0.22 secs] 
[Full GC (Ergonomics) [PSYoungGen: 6374K->6374K(19968K)] [ParOldGen: 698965K->698955K(699392K)] 705339K->705329K(719360K), [Metaspace: 12118K->12118K(274432K)], 0.2271984 secs] [Times: user=1.08 sys=0.00 real=0.23 secs] 
[Full GC (Ergonomics) [PSYoungGen: 6374K->6374K(19968K)] [ParOldGen: 698991K->698991K(699392K)] 705366K->705365K(719360K), [Metaspace: 12118K->12118K(274432K)], 0.1805410 secs] [Times: user=0.86 sys=0.00 real=0.18 secs] 
[Full GC (Ergonomics) [PSYoungGen: 6374K->6374K(19968K)] [ParOldGen: 699005K->699004K(699392K)] 705380K->705379K(719360K), [Metaspace: 12118K->12118K(274432K)], 0.1778060 secs] [Times: user=1.06 sys=0.00 real=0.18 secs] 
[Full GC (Ergonomics) [PSYoungGen: 6374K->6373K(19968K)] [ParOldGen: 699008K->698983K(699392K)] 705383K->705356K(719360K), [Metaspace: 12118K->12118K(274432K)], 0.2041875 secs] [Times: user=1.27 sys=0.02 real=0.20 secs] 
[Full GC (Ergonomics) [PSYoungGen: 6374K->6373K(19968K)] [ParOldGen: 698983K->698944K(699392K)] 705358K->705318K(719360K), [Metaspace: 12118K->12118K(274432K)], 0.1856874 secs] [Times: user=1.45 sys=0.00 real=0.19 secs] 
[Full GC (Ergonomics) [PSYoungGen: 6374K->6373K(19968K)] [ParOldGen: 698944K->698933K(699392K)] 705319K->705307K(719360K), [Metaspace: 12118K->12118K(274432K)], 0.1650340 secs] [Times: user=1.31 sys=0.00 real=0.16 secs] 
[Full GC (Ergonomics) [PSYoungGen: 6374K->5855K(19968K)] [ParOldGen: 698933K->699391K(699392K)] 705308K->705247K(719360K), [Metaspace: 12118K->12118K(274432K)], 0.2135517 secs] [Times: user=1.30 sys=0.00 real=0.21 secs] 
[Full GC (Ergonomics) [PSYoungGen: 5860K->5856K(19968K)] [ParOldGen: 699391K->699391K(699392K)] 705252K->705247K(719360K), [Metaspace: 12118K->12118K(274432K)], 0.1653776 secs] [Times: user=1.05 sys=0.02 real=0.16 secs] 
[Full GC (Ergonomics) [PSYoungGen: 5860K->5856K(19968K)] [ParOldGen: 699391K->699385K(699392K)] 705252K->705242K(719360K), [Metaspace: 12118K->12118K(274432K)], 0.1832020 secs] [Times: user=1.31 sys=0.00 real=0.18 secs] 
[Full GC (Ergonomics) [PSYoungGen: 5860K->5858K(19968K)] [ParOldGen: 699385K->699281K(699392K)] 705246K->705140K(719360K), [Metaspace: 12118K->12118K(274432K)], 0.2213309 secs] [Times: user=1.38 sys=0.00 real=0.22 secs] 
[Full GC (Ergonomics) [PSYoungGen: 5860K->5859K(19968K)] [ParOldGen: 699281K->699272K(699392K)] 705142K->705132K(719360K), [Metaspace: 12118K->12118K(274432K)], 0.1762263 secs] [Times: user=1.11 sys=0.00 real=0.18 secs] 
[Full GC (Ergonomics) [PSYoungGen: 5860K->5856K(19968K)] [ParOldGen: 699272K->699265K(699392K)] 705133K->705121K(719360K), [Metaspace: 12118K->12118K(274432K)], 0.1837464 secs] [Times: user=1.22 sys=0.00 real=0.18 secs] 
[Full GC (Ergonomics) [PSYoungGen: 5856K->5856K(19968K)] [ParOldGen: 699265K->699254K(699392K)] 705122K->705111K(719360K), [Metaspace: 12118K->12118K(274432K)], 0.1837044 secs] [Times: user=1.09 sys=0.02 real=0.18 secs] 
[Full GC (Ergonomics) [PSYoungGen: 5856K->5856K(19968K)] [ParOldGen: 699259K->699250K(699392K)] 705116K->705107K(719360K), [Metaspace: 12118K->12118K(274432K)], 0.1718122 secs] [Times: user=1.03 sys=0.00 real=0.17 secs] 
[Full GC (Ergonomics) [PSYoungGen: 5856K->5841K(19968K)] [ParOldGen: 699250K->699220K(699392K)] 705107K->705062K(719360K), [Metaspace: 12118K->12118K(274432K)], 0.2017943 secs] [Times: user=1.34 sys=0.03 real=0.20 secs] 
[Full GC (Ergonomics) [PSYoungGen: 5841K->5832K(19968K)] [ParOldGen: 699220K->699203K(699392K)] 705062K->705035K(719360K), [Metaspace: 12118K->12118K(274432K)], 0.1808607 secs] [Times: user=1.28 sys=0.00 real=0.18 secs] 
[Full GC (Ergonomics) [PSYoungGen: 5832K->5832K(19968K)] [ParOldGen: 699207K->699202K(699392K)] 705039K->705034K(719360K), [Metaspace: 12118K->12118K(274432K)], 0.1519258 secs] [Times: user=1.03 sys=0.00 real=0.15 secs] 
[Full GC (Ergonomics) [PSYoungGen: 5832K->5832K(19968K)] [ParOldGen: 699206K->699196K(699392K)] 705038K->705028K(719360K), [Metaspace: 12118K->12118K(274432K)], 0.1574049 secs] [Times: user=1.09 sys=0.00 real=0.16 secs] 
[Full GC (Ergonomics) [PSYoungGen: 5832K->5832K(19968K)] [ParOldGen: 699200K->699196K(699392K)] 705032K->705028K(719360K), [Metaspace: 12118K->12118K(274432K)], 0.1595960 secs] [Times: user=1.11 sys=0.00 real=0.16 secs] 
[Full GC (Ergonomics) [PSYoungGen: 5832K->5832K(19968K)] [ParOldGen: 699200K->699197K(699392K)] 705032K->705029K(719360K), [Metaspace: 12118K->12118K(274432K)], 0.1688632 secs] [Times: user=0.91 sys=0.00 real=0.17 secs] 
[Full GC (Ergonomics) [PSYoungGen: 5832K->5831K(19968K)] [ParOldGen: 699201K->699196K(699392K)] 705033K->705028K(719360K), [Metaspace: 12118K->12118K(274432K)], 0.1615108 secs] [Times: user=1.09 sys=0.02 real=0.16 secs] 
[Full GC (Ergonomics) [PSYoungGen: 5832K->5832K(19968K)] [ParOldGen: 699196K->699194K(699392K)] 705028K->705027K(719360K), [Metaspace: 12118K->12118K(274432K)], 0.1574236 secs] [Times: user=1.09 sys=0.00 real=0.16 secs] 
[Full GC (Ergonomics) [PSYoungGen: 5832K->5832K(19968K)] [ParOldGen: 699198K->699191K(699392K)] 705030K->705023K(719360K), [Metaspace: 12118K->12118K(274432K)], 0.1738127 secs] [Times: user=1.20 sys=0.00 real=0.17 secs] 
[Full GC (Ergonomics) [PSYoungGen: 5832K->5831K(19968K)] [ParOldGen: 699196K->699186K(699392K)] 705028K->705018K(719360K), [Metaspace: 12118K->12118K(274432K)], 0.1669168 secs] [Times: user=1.17 sys=0.00 real=0.17 secs] 
[Full GC (Ergonomics) [PSYoungGen: 5832K->5832K(19968K)] [ParOldGen: 699186K->699180K(699392K)] 705018K->705012K(719360K), [Metaspace: 12118K->12118K(274432K)], 0.1685291 secs] [Times: user=1.27 sys=0.00 real=0.17 secs] 
[Full GC (Ergonomics) [PSYoungGen: 5832K->5830K(19968K)] [ParOldGen: 699184K->699175K(699392K)] 705016K->705005K(719360K), [Metaspace: 12118K->12118K(274432K)], 0.1773526 secs] [Times: user=1.05 sys=0.03 real=0.18 secs] 
[Full GC (Ergonomics) [PSYoungGen: 5832K->5831K(19968K)] [ParOldGen: 699175K->699155K(699392K)] 705007K->704986K(719360K), [Metaspace: 12118K->12118K(274432K)], 0.1749674 secs] [Times: user=1.05 sys=0.02 real=0.17 secs] 
[Full GC (Ergonomics) [PSYoungGen: 5832K->5832K(19968K)] [ParOldGen: 699155K->699155K(699392K)] 704987K->704987K(719360K), [Metaspace: 12118K->12118K(274432K)], 0.1210904 secs] [Times: user=0.83 sys=0.00 real=0.12 secs] 
[Full GC (Ergonomics) [PSYoungGen: 5832K->5830K(19968K)] [ParOldGen: 699159K->699158K(699392K)] 704991K->704989K(719360K), [Metaspace: 12118K->12118K(274432K)], 0.1631174 secs] [Times: user=1.16 sys=0.00 real=0.16 secs] 
[Full GC (Ergonomics) [PSYoungGen: 5832K->5831K(19968K)] [ParOldGen: 699158K->699158K(699392K)] 704990K->704989K(719360K), [Metaspace: 12118K->12118K(274432K)], 0.1667226 secs] [Times: user=1.05 sys=0.02 real=0.17 secs] 
[Full GC (Ergonomics) [PSYoungGen: 5832K->5830K(19968K)] [ParOldGen: 699158K->699158K(699392K)] 704990K->704988K(719360K), [Metaspace: 12118K->12118K(274432K)], 0.1453219 secs] [Times: user=0.92 sys=0.00 real=0.15 secs] 
[Full GC (Ergonomics) [PSYoungGen: 5832K->5830K(19968K)] [ParOldGen: 699165K->699158K(699392K)] 704997K->704988K(719360K), [Metaspace: 12118K->12118K(274432K)], 0.1873753 secs] [Times: user=1.13 sys=0.00 real=0.19 secs] 
[Full GC (Ergonomics) [PSYoungGen: 5832K->5830K(19968K)] [ParOldGen: 699158K->699158K(699392K)] 704990K->704989K(719360K), [Metaspace: 12118K->12118K(274432K)], 0.1340202 secs] [Times: user=0.88 sys=0.00 real=0.13 secs] 
[Full GC (Ergonomics) [PSYoungGen: 5832K->5830K(19968K)] [ParOldGen: 699158K->699158K(699392K)] 704990K->704988K(719360K), [Metaspace: 12118K->12118K(274432K)], 0.1573837 secs] [Times: user=0.98 sys=0.00 real=0.16 secs] 
[Full GC (Ergonomics) [PSYoungGen: 5832K->5828K(19968K)] [ParOldGen: 699158K->699158K(699392K)] 704990K->704986K(719360K), [Metaspace: 12118K->12118K(274432K)], 0.1587838 secs] [Times: user=0.94 sys=0.00 real=0.16 secs] 
[Full GC (Ergonomics) [PSYoungGen: 5831K->5828K(19968K)] [ParOldGen: 699166K->699165K(699392K)] 704998K->704994K(719360K), [Metaspace: 12118K->12118K(274432K)], 0.1389467 secs] [Times: user=0.83 sys=0.00 real=0.14 secs] 
[Full GC (Ergonomics) [PSYoungGen: 5831K->5829K(19968K)] [ParOldGen: 699165K->699163K(699392K)] 704997K->704992K(719360K), [Metaspace: 12118K->12118K(274432K)], 0.1340651 secs] [Times: user=0.81 sys=0.00 real=0.13 secs] 
[Full GC (Ergonomics) [PSYoungGen: 5831K->5830K(19968K)] [ParOldGen: 699163K->699163K(699392K)] 704995K->704993K(719360K), [Metaspace: 12118K->12118K(274432K)], 0.1703301 secs] [Times: user=1.09 sys=0.00 real=0.17 secs] 
[Full GC (Ergonomics) [PSYoungGen: 5831K->5830K(19968K)] [ParOldGen: 699163K->699161K(699392K)] 704995K->704992K(719360K), [Metaspace: 12118K->12118K(274432K)], 0.1653747 secs] [Times: user=1.08 sys=0.00 real=0.16 secs] 
[Full GC (Ergonomics) [PSYoungGen: 5831K->5828K(19968K)] [ParOldGen: 699161K->699159K(699392K)] 704993K->704987K(719360K), [Metaspace: 12118K->12118K(274432K)], 0.1767654 secs] [Times: user=1.06 sys=0.00 real=0.18 secs] 
[Full GC (Ergonomics) [PSYoungGen: 5829K->5827K(19968K)] [ParOldGen: 699159K->699148K(699392K)] 704988K->704975K(719360K), [Metaspace: 12118K->12118K(274432K)], 0.1838927 secs] [Times: user=1.16 sys=0.00 real=0.18 secs] 
[Full GC (Ergonomics) [PSYoungGen: 5829K->5828K(19968K)] [ParOldGen: 699148K->699148K(699392K)] 704977K->704976K(719360K), [Metaspace: 12118K->12118K(274432K)], 0.1402104 secs] [Times: user=0.95 sys=0.00 real=0.14 secs] 
[Full GC (Ergonomics) [PSYoungGen: 5829K->5828K(19968K)] [ParOldGen: 699148K->699147K(699392K)] 704977K->704976K(719360K), [Metaspace: 12118K->12118K(274432K)], 0.1607206 secs] [Times: user=0.89 sys=0.00 real=0.16 secs] 
[Full GC (Ergonomics) [PSYoungGen: 5829K->5829K(19968K)] [ParOldGen: 699147K->699147K(699392K)] 704977K->704977K(719360K), [Metaspace: 12118K->12118K(274432K)], 0.1388485 secs] [Times: user=0.94 sys=0.00 real=0.14 secs] 
[Full GC (Ergonomics) [PSYoungGen: 5829K->5828K(19968K)] [ParOldGen: 699152K->699145K(699392K)] 704982K->704973K(719360K), [Metaspace: 12118K->12118K(274432K)], 0.1953257 secs] [Times: user=1.22 sys=0.00 real=0.20 secs] 
[Full GC (Ergonomics) [PSYoungGen: 5829K->5828K(19968K)] [ParOldGen: 699145K->699145K(699392K)] 704974K->704973K(719360K), [Metaspace: 12118K->12118K(274432K)], 0.1304462 secs] [Times: user=0.84 sys=0.00 real=0.13 secs] 
[Full GC (Ergonomics) [PSYoungGen: 5829K->5829K(19968K)] [ParOldGen: 699145K->699139K(699392K)] 704974K->704968K(719360K), [Metaspace: 12118K->12118K(274432K)], 0.1378880 secs] [Times: user=0.86 sys=0.02 real=0.14 secs] 
[Full GC (Ergonomics) [PSYoungGen: 5829K->5829K(19968K)] [ParOldGen: 699156K->699151K(699392K)] 704985K->704980K(719360K), [Metaspace: 12118K->12118K(274432K)], 0.1319625 secs] [Times: user=0.88 sys=0.00 real=0.13 secs] 
[Full GC (Ergonomics) [PSYoungGen: 5829K->5829K(19968K)] [ParOldGen: 699151K->699150K(699392K)] 704980K->704980K(719360K), [Metaspace: 12118K->12118K(274432K)], 0.1214048 secs] [Times: user=1.00 sys=0.00 real=0.12 secs] 
[Full GC (Ergonomics) [PSYoungGen: 5829K->5828K(19968K)] [ParOldGen: 699154K->699148K(699392K)] 704983K->704977K(719360K), [Metaspace: 12118K->12118K(274432K)], 0.1822739 secs] [Times: user=1.31 sys=0.00 real=0.18 secs] 
[Full GC (Ergonomics) [PSYoungGen: 5828K->5828K(19968K)] [ParOldGen: 699148K->699145K(699392K)] 704977K->704974K(719360K), [Metaspace: 12118K->12118K(274432K)], 0.1705362 secs] [Times: user=1.22 sys=0.00 real=0.17 secs] 
[Full GC (Ergonomics) [PSYoungGen: 5828K->5828K(19968K)] [ParOldGen: 699145K->699143K(699392K)] 704974K->704972K(719360K), [Metaspace: 12118K->12118K(274432K)], 0.1728252 secs] [Times: user=1.06 sys=0.00 real=0.17 secs] 
[Full GC (Ergonomics) [PSYoungGen: 5828K->5828K(19968K)] [ParOldGen: 699147K->699139K(699392K)] 704976K->704967K(719360K), [Metaspace: 12118K->12118K(274432K)], 0.4781295 secs] [Times: user=3.09 sys=0.08 real=0.48 secs] 
[Full GC (Ergonomics) [PSYoungGen: 5828K->5825K(19968K)] [ParOldGen: 699139K->699127K(699392K)] 704967K->704953K(719360K), [Metaspace: 12118K->12118K(274432K)], 0.1463489 secs] [Times: user=1.00 sys=0.00 real=0.15 secs] 
[Full GC (Ergonomics) [PSYoungGen: 5828K->5827K(19968K)] [ParOldGen: 699127K->699125K(699392K)] 704956K->704953K(719360K), [Metaspace: 12118K->12118K(274432K)], 0.1445901 secs] [Times: user=1.23 sys=0.00 real=0.14 secs] 
[Full GC (Ergonomics) [PSYoungGen: 5828K->5827K(19968K)] [ParOldGen: 699125K->699112K(699392K)] 704954K->704940K(719360K), [Metaspace: 12118K->12118K(274432K)], 0.1459146 secs] [Times: user=0.97 sys=0.00 real=0.14 secs] 
[Full GC (Ergonomics) [PSYoungGen: 5828K->5827K(19968K)] [ParOldGen: 699112K->699107K(699392K)] 704941K->704935K(719360K), [Metaspace: 12118K->12118K(274432K)], 0.1477313 secs] [Times: user=0.98 sys=0.00 real=0.15 secs] 
[Full GC (Ergonomics) [PSYoungGen: 5828K->5827K(19968K)] [ParOldGen: 699107K->699079K(699392K)] 704936K->704907K(719360K), [Metaspace: 12118K->12118K(274432K)], 0.1569868 secs] [Times: user=0.95 sys=0.00 real=0.16 secs] 
[Full GC (Ergonomics) [PSYoungGen: 5828K->5828K(19968K)] [ParOldGen: 699079K->699074K(699392K)] 704908K->704902K(719360K), [Metaspace: 12118K->12118K(274432K)], 0.1569330 secs] [Times: user=0.92 sys=0.00 real=0.16 secs] 
[Full GC (Ergonomics) [PSYoungGen: 5828K->5828K(19968K)] [ParOldGen: 699077K->699059K(699392K)] 704906K->704887K(719360K), [Metaspace: 12118K->12118K(274432K)], 0.1461259 secs] [Times: user=0.94 sys=0.00 real=0.15 secs] 
[Full GC (Ergonomics) [PSYoungGen: 5828K->5828K(19968K)] [ParOldGen: 699059K->699053K(699392K)] 704887K->704882K(719360K), [Metaspace: 12118K->12118K(274432K)], 0.1480925 secs] [Times: user=1.06 sys=0.00 real=0.15 secs] 
[Full GC (Ergonomics) [PSYoungGen: 5828K->5828K(19968K)] [ParOldGen: 699057K->699039K(699392K)] 704886K->704867K(719360K), [Metaspace: 12118K->12118K(274432K)], 0.1495162 secs] [Times: user=1.13 sys=0.02 real=0.15 secs] 
[Full GC (Ergonomics) [PSYoungGen: 5828K->5828K(19968K)] [ParOldGen: 699039K->699028K(699392K)] 704867K->704856K(719360K), [Metaspace: 12118K->12118K(274432K)], 0.1495598 secs] [Times: user=0.92 sys=0.02 real=0.15 secs] 
[Full GC (Ergonomics) [PSYoungGen: 5828K->5828K(19968K)] [ParOldGen: 699033K->699028K(699392K)] 704862K->704856K(719360K), [Metaspace: 12118K->12118K(274432K)], 0.1552663 secs] [Times: user=1.05 sys=0.02 real=0.16 secs] 
[Full GC (Ergonomics) [PSYoungGen: 5828K->5828K(19968K)] [ParOldGen: 699028K->699027K(699392K)] 704856K->704856K(719360K), [Metaspace: 12118K->12118K(274432K)], 0.1431863 secs] [Times: user=0.92 sys=0.00 real=0.14 secs] 
[Full GC (Ergonomics) [PSYoungGen: 5828K->5828K(19968K)] [ParOldGen: 699032K->699029K(699392K)] 704860K->704857K(719360K), [Metaspace: 12118K->12118K(274432K)], 0.1634029 secs] [Times: user=0.88 sys=0.00 real=0.16 secs] 
[Full GC (Ergonomics) [PSYoungGen: 5828K->5828K(19968K)] [ParOldGen: 699029K->699029K(699392K)] 704857K->704857K(719360K), [Metaspace: 12118K->12118K(274432K)], 0.5209707 secs] [Times: user=2.78 sys=0.03 real=0.52 secs] 
[Full GC (Ergonomics) [PSYoungGen: 5828K->5828K(19968K)] [ParOldGen: 699033K->699030K(699392K)] 704861K->704859K(719360K), [Metaspace: 12118K->12118K(274432K)], 0.1402196 secs] [Times: user=0.97 sys=0.02 real=0.14 secs] 
[Full GC (Ergonomics) [PSYoungGen: 5828K->5828K(19968K)] [ParOldGen: 699030K->699030K(699392K)] 704859K->704859K(719360K), [Metaspace: 12118K->12118K(274432K)], 0.1267291 secs] [Times: user=0.97 sys=0.00 real=0.13 secs] 
[Full GC (Ergonomics) [PSYoungGen: 5828K->5828K(19968K)] [ParOldGen: 699034K->699025K(699392K)] 704862K->704853K(719360K), [Metaspace: 12118K->12118K(274432K)], 0.1553112 secs] [Times: user=0.95 sys=0.00 real=0.15 secs] 
[Full GC (Ergonomics) [PSYoungGen: 5828K->5828K(19968K)] [ParOldGen: 699038K->699032K(699392K)] 704866K->704860K(719360K), [Metaspace: 12118K->12118K(274432K)], 0.1390383 secs] [Times: user=0.91 sys=0.00 real=0.14 secs] 
[Full GC (Ergonomics) [PSYoungGen: 5828K->5828K(19968K)] [ParOldGen: 699032K->699032K(699392K)] 704860K->704860K(719360K), [Metaspace: 12118K->12118K(274432K)], 0.1392445 secs] [Times: user=0.94 sys=0.00 real=0.14 secs] 
[Full GC (Ergonomics) [PSYoungGen: 5828K->5828K(19968K)] [ParOldGen: 699046K->699045K(699392K)] 704875K->704873K(719360K), [Metaspace: 12118K->12118K(274432K)], 0.1846763 secs] [Times: user=1.25 sys=0.00 real=0.18 secs] 
[Full GC (Ergonomics) [PSYoungGen: 5828K->5828K(19968K)] [ParOldGen: 699045K->699045K(699392K)] 704873K->704873K(719360K), [Metaspace: 12118K->12118K(274432K)], 0.1749012 secs] [Times: user=1.11 sys=0.00 real=0.17 secs] 
[Full GC (Ergonomics) [PSYoungGen: 5828K->5827K(19968K)] [ParOldGen: 699048K->699041K(699392K)] 704877K->704869K(719360K), [Metaspace: 12118K->12118K(274432K)], 0.1813038 secs] [Times: user=1.25 sys=0.02 real=0.18 secs] 
[Full GC (Ergonomics) [PSYoungGen: 5828K->5827K(19968K)] [ParOldGen: 699041K->699041K(699392K)] 704870K->704869K(719360K), [Metaspace: 12118K->12118K(274432K)], 0.1205458 secs] [Times: user=0.83 sys=0.00 real=0.12 secs] 
[Full GC (Ergonomics) [PSYoungGen: 5828K->5828K(19968K)] [ParOldGen: 699041K->699039K(699392K)] 704870K->704868K(719360K), [Metaspace: 12118K->12118K(274432K)], 0.1758938 secs] [Times: user=1.25 sys=0.00 real=0.18 secs] 
[Full GC (Ergonomics) [PSYoungGen: 5828K->5827K(19968K)] [ParOldGen: 699043K->699041K(699392K)] 704872K->704869K(719360K), [Metaspace: 12118K->12118K(274432K)], 0.1752602 secs] [Times: user=1.33 sys=0.00 real=0.18 secs] 
[Full GC (Ergonomics) [PSYoungGen: 5828K->5828K(19968K)] [ParOldGen: 699041K->699040K(699392K)] 704870K->704869K(719360K), [Metaspace: 12118K->12118K(274432K)], 0.1617950 secs] [Times: user=1.20 sys=0.00 real=0.16 secs] 
[Full GC (Ergonomics) [PSYoungGen: 5828K->5827K(19968K)] [ParOldGen: 699053K->699051K(699392K)] 704882K->704879K(719360K), [Metaspace: 12118K->12118K(274432K)], 0.1674023 secs] [Times: user=1.09 sys=0.00 real=0.17 secs] 
[Full GC (Ergonomics) [PSYoungGen: 5828K->5827K(19968K)] [ParOldGen: 699051K->699051K(699392K)] 704880K->704879K(719360K), [Metaspace: 12118K->12118K(274432K)], 0.1315442 secs] [Times: user=0.89 sys=0.00 real=0.13 secs] 
[Full GC (Ergonomics) [PSYoungGen: 5828K->5828K(19968K)] [ParOldGen: 699051K->699046K(699392K)] 704880K->704874K(719360K), [Metaspace: 12118K->12118K(274432K)], 0.1423612 secs] [Times: user=0.92 sys=0.00 real=0.14 secs] 
[Full GC (Ergonomics) [PSYoungGen: 5828K->5826K(19968K)] [ParOldGen: 699049K->699045K(699392K)] 704878K->704872K(719360K), [Metaspace: 12118K->12118K(274432K)], 0.1629094 secs] [Times: user=1.03 sys=0.00 real=0.16 secs] 
[Full GC (Ergonomics) [PSYoungGen: 5828K->5827K(19968K)] [ParOldGen: 699045K->699042K(699392K)] 704873K->704869K(719360K), [Metaspace: 12118K->12118K(274432K)], 0.1283139 secs] [Times: user=0.83 sys=0.00 real=0.13 secs] 
[Full GC (Ergonomics) [PSYoungGen: 5828K->5825K(19968K)] [ParOldGen: 699042K->699038K(699392K)] 704871K->704863K(719360K), [Metaspace: 12118K->12118K(274432K)], 0.1302564 secs] [Times: user=0.88 sys=0.00 real=0.13 secs] 
[Full GC (Ergonomics) [PSYoungGen: 5825K->5825K(19968K)] [ParOldGen: 699038K->699038K(699392K)] 704864K->704864K(719360K), [Metaspace: 12118K->12118K(274432K)], 0.1230963 secs] [Times: user=0.89 sys=0.00 real=0.12 secs] 
[Full GC (Ergonomics) [PSYoungGen: 5825K->5825K(19968K)] [ParOldGen: 699042K->699033K(699392K)] 704868K->704859K(719360K), [Metaspace: 12118K->12118K(274432K)], 0.1818897 secs] [Times: user=1.23 sys=0.00 real=0.18 secs] 
[Full GC (Ergonomics) [PSYoungGen: 5825K->5825K(19968K)] [ParOldGen: 699033K->699032K(699392K)] 704859K->704858K(719360K), [Metaspace: 12118K->12118K(274432K)], 0.1652837 secs] [Times: user=1.09 sys=0.00 real=0.17 secs] 
[Full GC (Ergonomics) [PSYoungGen: 5825K->5825K(19968K)] [ParOldGen: 699032K->699032K(699392K)] 704858K->704858K(719360K), [Metaspace: 12118K->12118K(274432K)], 0.1254566 secs] [Times: user=0.75 sys=0.00 real=0.13 secs] 
[Full GC (Ergonomics) [PSYoungGen: 5825K->5825K(19968K)] [ParOldGen: 699036K->699031K(699392K)] 704862K->704857K(719360K), [Metaspace: 12118K->12118K(274432K)], 0.1731583 secs] [Times: user=1.19 sys=0.00 real=0.17 secs] 
[Full GC (Ergonomics) [PSYoungGen: 5825K->5825K(19968K)] [ParOldGen: 699031K->699030K(699392K)] 704857K->704855K(719360K), [Metaspace: 12118K->12118K(274432K)], 0.1700704 secs] [Times: user=1.33 sys=0.00 real=0.17 secs] 
[Full GC (Ergonomics) [PSYoungGen: 5825K->5825K(19968K)] [ParOldGen: 699030K->699029K(699392K)] 704855K->704855K(719360K), [Metaspace: 12118K->12118K(274432K)], 0.1571819 secs] [Times: user=1.17 sys=0.00 real=0.16 secs] 
[Full GC (Ergonomics) [PSYoungGen: 5825K->5825K(19968K)] [ParOldGen: 699033K->699027K(699392K)] 704859K->704852K(719360K), [Metaspace: 12118K->12118K(274432K)], 0.1696355 secs] [Times: user=1.05 sys=0.00 real=0.17 secs] 
[Full GC (Ergonomics) [PSYoungGen: 5825K->5825K(19968K)] [ParOldGen: 699027K->699027K(699392K)] 704853K->704853K(719360K), [Metaspace: 12118K->12118K(274432K)], 0.1338794 secs] [Times: user=0.86 sys=0.00 real=0.13 secs] 
[Full GC (Ergonomics) [PSYoungGen: 5825K->5825K(19968K)] [ParOldGen: 699030K->699014K(699392K)] 704856K->704840K(719360K), [Metaspace: 12118K->12118K(274432K)], 0.1686958 secs] [Times: user=1.05 sys=0.00 real=0.17 secs] 
[Full GC (Ergonomics) [PSYoungGen: 5825K->5825K(19968K)] [ParOldGen: 699018K->699015K(699392K)] 704844K->704841K(719360K), [Metaspace: 12118K->12118K(274432K)], 0.1658227 secs] [Times: user=1.11 sys=0.00 real=0.17 secs] 
[Full GC (Ergonomics) [PSYoungGen: 5825K->5825K(19968K)] [ParOldGen: 699015K->699014K(699392K)] 704841K->704839K(719360K), [Metaspace: 12118K->12118K(274432K)], 0.1589573 secs] [Times: user=1.17 sys=0.00 real=0.16 secs] 
[Full GC (Ergonomics) [PSYoungGen: 5825K->5825K(19968K)] [ParOldGen: 699017K->699009K(699392K)] 704843K->704834K(719360K), [Metaspace: 12118K->12118K(274432K)], 0.2022471 secs] [Times: user=0.97 sys=0.00 real=0.20 secs] 
[Full GC (Ergonomics) [PSYoungGen: 5825K->5825K(19968K)] [ParOldGen: 699009K->699002K(699392K)] 704834K->704827K(719360K), [Metaspace: 12118K->12118K(274432K)], 0.1839436 secs] [Times: user=0.97 sys=0.00 real=0.18 secs] 
[Full GC (Ergonomics) [PSYoungGen: 5825K->5825K(19968K)] [ParOldGen: 699005K->699000K(699392K)] 704831K->704826K(719360K), [Metaspace: 12118K->12118K(274432K)], 0.1949622 secs] [Times: user=1.00 sys=0.00 real=0.20 secs] 
[Full GC (Ergonomics) [PSYoungGen: 5825K->5825K(19968K)] [ParOldGen: 699000K->699000K(699392K)] 704826K->704825K(719360K), [Metaspace: 12118K->12118K(274432K)], 0.1943495 secs] [Times: user=1.03 sys=0.00 real=0.19 secs] 
[Full GC (Ergonomics) [PSYoungGen: 5825K->5825K(19968K)] [ParOldGen: 699000K->699000K(699392K)] 704826K->704826K(719360K), [Metaspace: 12118K->12118K(274432K)], 0.1413484 secs] [Times: user=1.02 sys=0.00 real=0.14 secs] 
[Full GC (Ergonomics) [PSYoungGen: 5825K->5824K(19968K)] [ParOldGen: 699004K->699004K(699392K)] 704830K->704829K(719360K), [Metaspace: 12118K->12118K(274432K)], 0.1431649 secs] [Times: user=1.08 sys=0.00 real=0.14 secs] 
[Full GC (Ergonomics) [PSYoungGen: 5825K->5825K(19968K)] [ParOldGen: 699004K->699003K(699392K)] 704829K->704828K(719360K), [Metaspace: 12118K->12118K(274432K)], 0.1414022 secs] [Times: user=0.98 sys=0.02 real=0.14 secs] 
[Full GC (Ergonomics) [PSYoungGen: 5825K->5825K(19968K)] [ParOldGen: 699003K->699001K(699392K)] 704829K->704827K(719360K), [Metaspace: 12118K->12118K(274432K)], 0.1494960 secs] [Times: user=0.98 sys=0.00 real=0.15 secs] 
[Full GC (Ergonomics) [PSYoungGen: 5825K->5825K(19968K)] [ParOldGen: 699005K->699002K(699392K)] 704831K->704827K(719360K), [Metaspace: 12118K->12118K(274432K)], 0.1528387 secs] [Times: user=1.16 sys=0.02 real=0.15 secs] 
[Full GC (Ergonomics) [PSYoungGen: 5825K->5825K(19968K)] [ParOldGen: 699002K->699001K(699392K)] 704828K->704827K(719360K), [Metaspace: 12118K->12118K(274432K)], 0.1381636 secs] [Times: user=0.98 sys=0.00 real=0.14 secs] 
[Full GC (Ergonomics) [PSYoungGen: 5825K->5825K(19968K)] [ParOldGen: 699001K->699001K(699392K)] 704827K->704827K(719360K), [Metaspace: 12118K->12118K(274432K)], 0.1269298 secs] [Times: user=0.83 sys=0.02 real=0.13 secs] 
[Full GC (Ergonomics) [PSYoungGen: 5825K->5825K(19968K)] [ParOldGen: 699005K->699000K(699392K)] 704830K->704826K(719360K), [Metaspace: 12118K->12118K(274432K)], 0.1546524 secs] [Times: user=1.13 sys=0.00 real=0.15 secs] 
[Full GC (Ergonomics) [PSYoungGen: 5825K->5825K(19968K)] [ParOldGen: 699004K->698991K(699392K)] 704829K->704817K(719360K), [Metaspace: 12118K->12118K(274432K)], 0.1540789 secs] [Times: user=1.02 sys=0.00 real=0.15 secs] 
[Full GC (Ergonomics) [PSYoungGen: 5825K->5825K(19968K)] [ParOldGen: 698991K->698991K(699392K)] 704817K->704817K(719360K), [Metaspace: 12118K->12118K(274432K)], 0.1257158 secs] [Times: user=0.83 sys=0.00 real=0.13 secs] 
[Full GC (Ergonomics) [PSYoungGen: 5825K->5825K(19968K)] [ParOldGen: 699004K->698999K(699392K)] 704830K->704824K(719360K), [Metaspace: 12118K->12118K(274432K)], 0.1543910 secs] [Times: user=1.00 sys=0.00 real=0.15 secs] 
[Full GC (Ergonomics) [PSYoungGen: 5825K->5825K(19968K)] [ParOldGen: 698999K->698999K(699392K)] 704825K->704824K(719360K), [Metaspace: 12118K->12118K(274432K)], 0.1384674 secs] [Times: user=1.02 sys=0.00 real=0.14 secs] 
[Full GC (Ergonomics) [PSYoungGen: 5825K->5825K(19968K)] [ParOldGen: 699004K->699001K(699392K)] 704829K->704827K(719360K), [Metaspace: 12118K->12118K(274432K)], 0.1481399 secs] [Times: user=1.16 sys=0.00 real=0.15 secs] 
[Full GC (Ergonomics) [PSYoungGen: 5825K->5825K(19968K)] [ParOldGen: 699005K->699000K(699392K)] 704830K->704826K(719360K), [Metaspace: 12118K->12118K(274432K)], 0.1730290 secs] [Times: user=1.27 sys=0.00 real=0.17 secs] 
[Full GC (Ergonomics) [PSYoungGen: 5825K->5825K(19968K)] [ParOldGen: 699004K->699000K(699392K)] 704830K->704825K(719360K), [Metaspace: 12118K->12118K(274432K)], 0.1743469 secs] [Times: user=1.03 sys=0.02 real=0.18 secs] 
[Full GC (Ergonomics) [PSYoungGen: 5825K->5825K(19968K)] [ParOldGen: 699000K->699000K(699392K)] 704825K->704825K(719360K), [Metaspace: 12118K->12118K(274432K)], 0.1344114 secs] [Times: user=0.92 sys=0.02 real=0.13 secs] 
[Full GC (Ergonomics) [PSYoungGen: 5825K->5825K(19968K)] [ParOldGen: 699003K->699001K(699392K)] 704829K->704826K(719360K), [Metaspace: 12118K->12118K(274432K)], 0.1768246 secs] [Times: user=1.22 sys=0.00 real=0.18 secs] 
[Full GC (Ergonomics) [PSYoungGen: 5825K->5825K(19968K)] [ParOldGen: 699008K->699002K(699392K)] 704834K->704828K(719360K), [Metaspace: 12118K->12118K(274432K)], 0.1728396 secs] [Times: user=1.13 sys=0.00 real=0.17 secs] 
[Full GC (Ergonomics) [PSYoungGen: 5825K->5825K(19968K)] [ParOldGen: 699002K->699002K(699392K)] 704828K->704828K(719360K), [Metaspace: 12118K->12118K(274432K)], 0.1284254 secs] [Times: user=0.80 sys=0.02 real=0.13 secs] 
[Full GC (Ergonomics) [PSYoungGen: 5825K->5825K(19968K)] [ParOldGen: 699007K->699004K(699392K)] 704832K->704829K(719360K), [Metaspace: 12118K->12118K(274432K)], 0.1714863 secs] [Times: user=1.11 sys=0.02 real=0.17 secs] 
[Full GC (Ergonomics) [PSYoungGen: 5825K->5825K(19968K)] [ParOldGen: 699004K->699004K(699392K)] 704830K->704830K(719360K), [Metaspace: 12118K->12118K(274432K)], 0.1335019 secs] [Times: user=0.97 sys=0.00 real=0.13 secs] 
[Full GC (Ergonomics) [PSYoungGen: 5825K->5825K(19968K)] [ParOldGen: 699007K->699002K(699392K)] 704833K->704827K(719360K), [Metaspace: 12118K->12118K(274432K)], 0.1811320 secs] [Times: user=1.28 sys=0.00 real=0.18 secs] 
[Full GC (Ergonomics) [PSYoungGen: 5825K->5825K(19968K)] [ParOldGen: 699002K->699002K(699392K)] 704827K->704827K(719360K), [Metaspace: 12118K->12118K(274432K)], 0.1342241 secs] [Times: user=0.92 sys=0.00 real=0.13 secs] 
[Full GC (Ergonomics) [PSYoungGen: 5825K->5825K(19968K)] [ParOldGen: 699017K->699015K(699392K)] 704842K->704840K(719360K), [Metaspace: 12118K->12118K(274432K)], 0.1787832 secs] [Times: user=1.14 sys=0.00 real=0.18 secs] 
[Full GC (Ergonomics) [PSYoungGen: 5825K->5824K(19968K)] [ParOldGen: 699019K->699008K(699392K)] 704844K->704833K(719360K), [Metaspace: 12118K->12118K(274432K)], 0.1837171 secs] [Times: user=1.05 sys=0.03 real=0.18 secs] 
[Full GC (Ergonomics) [PSYoungGen: 5825K->5824K(19968K)] [ParOldGen: 699008K->699007K(699392K)] 704834K->704832K(719360K), [Metaspace: 12118K->12118K(274432K)], 0.1539904 secs] [Times: user=1.05 sys=0.03 real=0.15 secs] 
[Full GC (Ergonomics) [PSYoungGen: 5825K->5825K(19968K)] [ParOldGen: 699007K->699007K(699392K)] 704833K->704832K(719360K), [Metaspace: 12118K->12118K(274432K)], 0.1522948 secs] [Times: user=0.81 sys=0.00 real=0.15 secs] 
[Full GC (Ergonomics) [PSYoungGen: 5825K->5825K(19968K)] [ParOldGen: 699007K->699005K(699392K)] 704833K->704831K(719360K), [Metaspace: 12118K->12118K(274432K)], 0.1359664 secs] [Times: user=0.88 sys=0.00 real=0.14 secs] 
[Full GC (Ergonomics) [PSYoungGen: 5825K->5825K(19968K)] [ParOldGen: 699008K->699005K(699392K)] 704834K->704831K(719360K), [Metaspace: 12118K->12118K(274432K)], 0.1859639 secs] [Times: user=1.14 sys=0.00 real=0.19 secs] 
[Full GC (Ergonomics) [PSYoungGen: 5825K->5825K(19968K)] [ParOldGen: 699026K->699024K(699392K)] 704851K->704849K(719360K), [Metaspace: 12118K->12118K(274432K)], 0.2099776 secs] [Times: user=1.14 sys=0.00 real=0.21 secs] 
[Full GC (Ergonomics) [PSYoungGen: 5825K->5825K(19968K)] [ParOldGen: 699039K->699037K(699392K)] 704864K->704863K(719360K), [Metaspace: 12118K->12118K(274432K)], 0.1804429 secs] [Times: user=1.03 sys=0.00 real=0.18 secs] 
[Full GC (Ergonomics) [PSYoungGen: 5825K->5825K(19968K)] [ParOldGen: 699037K->699037K(699392K)] 704863K->704863K(719360K), [Metaspace: 12118K->12118K(274432K)], 0.1733808 secs] [Times: user=0.98 sys=0.00 real=0.17 secs] 
[Full GC (Ergonomics) [PSYoungGen: 5825K->5825K(19968K)] [ParOldGen: 699040K->699038K(699392K)] 704866K->704863K(719360K), [Metaspace: 12118K->12118K(274432K)], 0.2098244 secs] [Times: user=1.02 sys=0.00 real=0.21 secs] 
[Full GC (Ergonomics) [PSYoungGen: 5825K->5825K(19968K)] [ParOldGen: 699038K->699038K(699392K)] 704863K->704863K(719360K), [Metaspace: 12118K->12118K(274432K)], 0.1623434 secs] [Times: user=0.94 sys=0.00 real=0.16 secs] 
[Full GC (Ergonomics) [PSYoungGen: 5825K->5825K(19968K)] [ParOldGen: 699041K->699030K(699392K)] 704867K->704855K(719360K), [Metaspace: 12118K->12118K(274432K)], 0.2000988 secs] [Times: user=0.94 sys=0.00 real=0.20 secs] 
[Full GC (Ergonomics) [PSYoungGen: 5825K->5825K(19968K)] [ParOldGen: 699030K->699024K(699392K)] 704855K->704850K(719360K), [Metaspace: 12118K->12118K(274432K)], 0.1848144 secs] [Times: user=0.98 sys=0.02 real=0.19 secs] 
[Full GC (Ergonomics) [PSYoungGen: 5825K->5825K(19968K)] [ParOldGen: 699028K->699025K(699392K)] 704854K->704851K(719360K), [Metaspace: 12118K->12118K(274432K)], 0.1496176 secs] [Times: user=0.95 sys=0.00 real=0.15 secs] 
[Full GC (Ergonomics) [PSYoungGen: 5825K->5825K(19968K)] [ParOldGen: 699025K->699022K(699392K)] 704851K->704847K(719360K), [Metaspace: 12118K->12118K(274432K)], 0.1382870 secs] [Times: user=0.91 sys=0.00 real=0.14 secs] 
[Full GC (Ergonomics) [PSYoungGen: 5825K->5825K(19968K)] [ParOldGen: 699026K->699023K(699392K)] 704851K->704848K(719360K), [Metaspace: 12118K->12118K(274432K)], 0.1373893 secs] [Times: user=0.91 sys=0.00 real=0.14 secs] 
[Full GC (Ergonomics) [PSYoungGen: 5825K->5825K(19968K)] [ParOldGen: 699023K->699023K(699392K)] 704848K->704848K(719360K), [Metaspace: 12118K->12118K(274432K)], 0.1606525 secs] [Times: user=0.86 sys=0.00 real=0.16 secs] 
[Full GC (Ergonomics) [PSYoungGen: 5825K->5825K(19968K)] [ParOldGen: 699027K->699022K(699392K)] 704853K->704848K(719360K), [Metaspace: 12118K->12118K(274432K)], 0.1571206 secs] [Times: user=0.97 sys=0.00 real=0.16 secs] 
[Full GC (Ergonomics) [PSYoungGen: 5825K->5825K(19968K)] [ParOldGen: 699025K->699016K(699392K)] 704851K->704842K(719360K), [Metaspace: 12118K->12118K(274432K)], 0.1962930 secs] [Times: user=1.03 sys=0.00 real=0.20 secs] 
[Full GC (Ergonomics) [PSYoungGen: 5825K->5825K(19968K)] [ParOldGen: 699016K->699016K(699392K)] 704842K->704842K(719360K), [Metaspace: 12118K->12118K(274432K)], 0.2071347 secs] [Times: user=0.95 sys=0.02 real=0.21 secs] 
[Full GC (Ergonomics) [PSYoungGen: 5825K->5825K(19968K)] [ParOldGen: 699020K->699011K(699392K)] 704845K->704837K(719360K), [Metaspace: 12118K->12118K(274432K)], 0.1589910 secs] [Times: user=1.02 sys=0.02 real=0.16 secs] 
[Full GC (Ergonomics) [PSYoungGen: 5825K->5825K(19968K)] [ParOldGen: 699011K->699011K(699392K)] 704837K->704837K(719360K), [Metaspace: 12118K->12118K(274432K)], 0.1283116 secs] [Times: user=0.88 sys=0.02 real=0.13 secs] 
[Full GC (Ergonomics) [PSYoungGen: 5825K->5825K(19968K)] [ParOldGen: 699014K->699011K(699392K)] 704840K->704837K(719360K), [Metaspace: 12118K->12118K(274432K)], 0.1501201 secs] [Times: user=0.98 sys=0.00 real=0.15 secs] 
[Full GC (Ergonomics) [PSYoungGen: 5825K->5825K(19968K)] [ParOldGen: 699018K->699015K(699392K)] 704844K->704840K(719360K), [Metaspace: 12118K->12118K(274432K)], 0.1263238 secs] [Times: user=0.88 sys=0.00 real=0.13 secs] 
[Full GC (Ergonomics) [PSYoungGen: 5825K->5825K(19968K)] [ParOldGen: 699015K->699015K(699392K)] 704840K->704840K(719360K), [Metaspace: 12118K->12118K(274432K)], 0.1200303 secs] [Times: user=0.89 sys=0.00 real=0.12 secs] 
[Full GC (Ergonomics) [PSYoungGen: 5825K->5825K(19968K)] [ParOldGen: 699017K->699012K(699392K)] 704843K->704838K(719360K), [Metaspace: 12118K->12118K(274432K)], 0.1973304 secs] [Times: user=1.11 sys=0.02 real=0.20 secs] 
[Full GC (Ergonomics) [PSYoungGen: 5825K->5825K(19968K)] [ParOldGen: 699027K->699024K(699392K)] 704853K->704850K(719360K), [Metaspace: 12118K->12118K(274432K)], 0.1544072 secs] [Times: user=0.98 sys=0.00 real=0.15 secs] 
[Full GC (Ergonomics) [PSYoungGen: 5825K->5825K(19968K)] [ParOldGen: 699024K->699024K(699392K)] 704850K->704850K(719360K), [Metaspace: 12118K->12118K(274432K)], 0.1532394 secs] [Times: user=0.94 sys=0.00 real=0.15 secs] 
[Full GC (Ergonomics) [PSYoungGen: 5825K->5825K(19968K)] [ParOldGen: 699027K->699020K(699392K)] 704853K->704846K(719360K), [Metaspace: 12118K->12118K(274432K)], 0.1806636 secs] [Times: user=1.27 sys=0.00 real=0.18 secs] 
[Full GC (Ergonomics) [PSYoungGen: 5825K->5825K(19968K)] [ParOldGen: 699020K->699020K(699392K)] 704846K->704846K(719360K), [Metaspace: 12118K->12118K(274432K)], 0.1326123 secs] [Times: user=0.69 sys=0.00 real=0.13 secs] 
[Full GC (Ergonomics) [PSYoungGen: 5825K->5825K(19968K)] [ParOldGen: 699023K->699011K(699392K)] 704849K->704837K(719360K), [Metaspace: 12118K->12118K(274432K)], 0.1989907 secs] [Times: user=1.14 sys=0.02 real=0.20 secs] 
[Full GC (Ergonomics) [PSYoungGen: 5825K->5825K(19968K)] [ParOldGen: 699011K->699010K(699392K)] 704837K->704835K(719360K), [Metaspace: 12118K->12118K(274432K)], 0.1754393 secs] [Times: user=1.11 sys=0.00 real=0.18 secs] 
[Full GC (Ergonomics) [PSYoungGen: 5825K->5825K(19968K)] [ParOldGen: 699010K->699008K(699392K)] 704836K->704833K(719360K), [Metaspace: 12118K->12118K(274432K)], 0.1697505 secs] [Times: user=1.27 sys=0.00 real=0.17 secs] 
[Full GC (Ergonomics) [PSYoungGen: 5825K->5825K(19968K)] [ParOldGen: 699008K->699007K(699392K)] 704834K->704833K(719360K), [Metaspace: 12118K->12118K(274432K)], 0.1673720 secs] [Times: user=1.17 sys=0.00 real=0.17 secs] 
[Full GC (Ergonomics) [PSYoungGen: 5825K->5825K(19968K)] [ParOldGen: 699011K->699006K(699392K)] 704837K->704832K(719360K), [Metaspace: 12118K->12118K(274432K)], 0.1931232 secs] [Times: user=1.08 sys=0.05 real=0.19 secs] 
[Full GC (Ergonomics) [PSYoungGen: 5825K->5825K(19968K)] [ParOldGen: 699006K->699005K(699392K)] 704832K->704831K(719360K), [Metaspace: 12118K->12118K(274432K)], 0.1955727 secs] [Times: user=1.17 sys=0.02 real=0.20 secs] 
[Full GC (Ergonomics) [PSYoungGen: 5825K->5825K(19968K)] [ParOldGen: 699009K->699003K(699392K)] 704834K->704829K(719360K), [Metaspace: 12118K->12118K(274432K)], 0.1809712 secs] [Times: user=1.19 sys=0.00 real=0.18 secs] 
[Full GC (Ergonomics) [PSYoungGen: 5825K->5825K(19968K)] [ParOldGen: 699006K->699000K(699392K)] 704832K->704825K(719360K), [Metaspace: 12118K->12118K(274432K)], 0.1789391 secs] [Times: user=0.97 sys=0.00 real=0.18 secs] 
[Full GC (Ergonomics) [PSYoungGen: 5825K->5825K(19968K)] [ParOldGen: 699000K->699000K(699392K)] 704825K->704825K(719360K), [Metaspace: 12118K->12118K(274432K)], 0.1376564 secs] [Times: user=0.88 sys=0.00 real=0.14 secs] 
[Full GC (Ergonomics) [PSYoungGen: 5825K->5825K(19968K)] [ParOldGen: 699003K->698999K(699392K)] 704829K->704825K(719360K), [Metaspace: 12118K->12118K(274432K)], 0.1912516 secs] [Times: user=1.27 sys=0.03 real=0.19 secs] 
[Full GC (Ergonomics) [PSYoungGen: 5825K->5825K(19968K)] [ParOldGen: 699010K->699004K(699392K)] 704836K->704830K(719360K), [Metaspace: 12118K->12118K(274432K)], 0.1597028 secs] [Times: user=1.08 sys=0.00 real=0.16 secs] 
[Full GC (Ergonomics) [PSYoungGen: 5825K->5825K(19968K)] [ParOldGen: 699004K->699004K(699392K)] 704830K->704830K(719360K), [Metaspace: 12118K->12118K(274432K)], 0.1211011 secs] [Times: user=1.00 sys=0.00 real=0.12 secs] 
[Full GC (Ergonomics) [PSYoungGen: 5825K->5825K(19968K)] [ParOldGen: 699008K->699001K(699392K)] 704834K->704827K(719360K), [Metaspace: 12118K->12118K(274432K)], 0.1589474 secs] [Times: user=1.20 sys=0.00 real=0.16 secs] 
[Full GC (Ergonomics) [PSYoungGen: 5825K->5825K(19968K)] [ParOldGen: 699001K->699001K(699392K)] 704827K->704827K(719360K), [Metaspace: 12118K->12118K(274432K)], 0.1436808 secs] [Times: user=0.78 sys=0.02 real=0.14 secs] 
[Full GC (Ergonomics) [PSYoungGen: 5825K->5825K(19968K)] [ParOldGen: 699004K->698994K(699392K)] 704830K->704819K(719360K), [Metaspace: 12118K->12118K(274432K)], 0.1678344 secs] [Times: user=1.06 sys=0.02 real=0.17 secs] 
[Full GC (Ergonomics) [PSYoungGen: 5825K->5825K(19968K)] [ParOldGen: 698997K->698989K(699392K)] 704823K->704815K(719360K), [Metaspace: 12118K->12118K(274432K)], 0.1802013 secs] [Times: user=1.02 sys=0.00 real=0.18 secs] 
[Full GC (Ergonomics) [PSYoungGen: 5825K->5825K(19968K)] [ParOldGen: 698993K->698983K(699392K)] 704819K->704808K(719360K), [Metaspace: 12118K->12118K(274432K)], 0.1975538 secs] [Times: user=1.14 sys=0.03 real=0.20 secs] 
[Full GC (Ergonomics) [PSYoungGen: 5825K->5825K(19968K)] [ParOldGen: 699009K->699006K(699392K)] 704835K->704831K(719360K), [Metaspace: 12118K->12118K(274432K)], 0.1843454 secs] [Times: user=1.17 sys=0.03 real=0.18 secs] 
[Full GC (Ergonomics) [PSYoungGen: 5825K->5825K(19968K)] [ParOldGen: 699009K->699005K(699392K)] 704834K->704830K(719360K), [Metaspace: 12118K->12118K(274432K)], 0.1724802 secs] [Times: user=1.16 sys=0.02 real=0.17 secs] 
[Full GC (Ergonomics) [PSYoungGen: 5825K->5825K(19968K)] [ParOldGen: 699008K->698998K(699392K)] 704833K->704823K(719360K), [Metaspace: 12118K->12118K(274432K)], 0.1836187 secs] [Times: user=1.22 sys=0.00 real=0.18 secs] 
[Full GC (Ergonomics) [PSYoungGen: 5825K->5825K(19968K)] [ParOldGen: 698998K->698996K(699392K)] 704824K->704822K(719360K), [Metaspace: 12118K->12118K(274432K)], 0.1630520 secs] [Times: user=1.20 sys=0.00 real=0.16 secs] 
[Full GC (Ergonomics) [PSYoungGen: 5825K->5825K(19968K)] [ParOldGen: 698996K->698996K(699392K)] 704822K->704822K(719360K), [Metaspace: 12118K->12118K(274432K)], 0.1580566 secs] [Times: user=0.92 sys=0.00 real=0.16 secs] 
[Full GC (Ergonomics) [PSYoungGen: 5825K->5825K(19968K)] [ParOldGen: 699009K->699007K(699392K)] 704834K->704833K(719360K), [Metaspace: 12118K->12118K(274432K)], 0.1625304 secs] [Times: user=1.08 sys=0.02 real=0.16 secs] 
[Full GC (Ergonomics) [PSYoungGen: 5825K->5825K(19968K)] [ParOldGen: 699007K->699007K(699392K)] 704833K->704833K(719360K), [Metaspace: 12118K->12118K(274432K)], 0.1331777 secs] [Times: user=0.98 sys=0.00 real=0.13 secs] 
[Full GC (Ergonomics) [PSYoungGen: 5825K->5823K(19968K)] [ParOldGen: 699022K->699021K(699392K)] 704848K->704845K(719360K), [Metaspace: 12118K->12118K(274432K)], 0.1319988 secs] [Times: user=0.80 sys=0.00 real=0.13 secs] 
[Full GC (Ergonomics) [PSYoungGen: 5825K->5824K(19968K)] [ParOldGen: 699021K->699019K(699392K)] 704847K->704844K(719360K), [Metaspace: 12118K->12118K(274432K)], 0.1719596 secs] [Times: user=1.08 sys=0.03 real=0.17 secs] 
[Full GC (Ergonomics) [PSYoungGen: 5825K->5824K(19968K)] [ParOldGen: 699019K->699019K(699392K)] 704845K->704844K(719360K), [Metaspace: 12118K->12118K(274432K)], 0.1215135 secs] [Times: user=0.77 sys=0.02 real=0.12 secs] 
[Full GC (Ergonomics) [PSYoungGen: 5825K->5824K(19968K)] [ParOldGen: 699019K->699018K(699392K)] 704845K->704843K(719360K), [Metaspace: 12118K->12118K(274432K)], 0.1831989 secs] [Times: user=1.16 sys=0.00 real=0.18 secs] 
[Full GC (Ergonomics) [PSYoungGen: 5825K->5825K(19968K)] [ParOldGen: 699018K->699018K(699392K)] 704844K->704843K(719360K), [Metaspace: 12118K->12118K(274432K)], 0.1342231 secs] [Times: user=0.94 sys=0.00 real=0.13 secs] 
[Full GC (Ergonomics) [PSYoungGen: 5825K->5825K(19968K)] [ParOldGen: 699018K->699018K(699392K)] 704844K->704844K(719360K), [Metaspace: 12118K->12118K(274432K)], 0.1309770 secs] [Times: user=0.78 sys=0.00 real=0.13 secs] 
[Full GC (Ergonomics) [PSYoungGen: 5825K->5825K(19968K)] [ParOldGen: 699023K->699010K(699392K)] 704849K->704836K(719360K), [Metaspace: 12118K->12118K(274432K)], 0.1693131 secs] [Times: user=1.22 sys=0.00 real=0.17 secs] 
[Full GC (Ergonomics) [PSYoungGen: 5825K->5825K(19968K)] [ParOldGen: 699010K->699010K(699392K)] 704836K->704836K(719360K), [Metaspace: 12118K->12118K(274432K)], 0.1223081 secs] [Times: user=0.73 sys=0.00 real=0.12 secs] 
[Full GC (Ergonomics) [PSYoungGen: 5825K->5825K(19968K)] [ParOldGen: 699010K->699010K(699392K)] 704836K->704836K(719360K), [Metaspace: 12118K->12118K(274432K)], 0.1440171 secs] [Times: user=1.05 sys=0.00 real=0.14 secs] 
[Full GC (Ergonomics) [PSYoungGen: 5825K->5825K(19968K)] [ParOldGen: 699013K->699008K(699392K)] 704839K->704834K(719360K), [Metaspace: 12118K->12118K(274432K)], 0.1340685 secs] [Times: user=0.95 sys=0.03 real=0.13 secs] 
[Full GC (Ergonomics) [PSYoungGen: 5825K->5825K(19968K)] [ParOldGen: 699008K->699007K(699392K)] 704834K->704833K(719360K), [Metaspace: 12118K->12118K(274432K)], 0.1285267 secs] [Times: user=0.86 sys=0.00 real=0.13 secs] 
[Full GC (Ergonomics) [PSYoungGen: 5825K->5825K(19968K)] [ParOldGen: 699011K->699008K(699392K)] 704837K->704834K(719360K), [Metaspace: 12118K->12118K(274432K)], 0.1517609 secs] [Times: user=1.08 sys=0.02 real=0.15 secs] 
[Full GC (Ergonomics) [PSYoungGen: 5825K->5825K(19968K)] [ParOldGen: 699020K->699015K(699392K)] 704846K->704841K(719360K), [Metaspace: 12118K->12118K(274432K)], 0.1596209 secs] [Times: user=0.98 sys=0.00 real=0.16 secs] 
[Full GC (Ergonomics) [PSYoungGen: 5825K->5825K(19968K)] [ParOldGen: 699029K->699023K(699392K)] 704855K->704848K(719360K), [Metaspace: 12118K->12118K(274432K)], 0.1516456 secs] [Times: user=1.09 sys=0.00 real=0.15 secs] 
[Full GC (Ergonomics) [PSYoungGen: 5825K->5825K(19968K)] [ParOldGen: 699025K->699016K(699392K)] 704851K->704841K(719360K), [Metaspace: 12118K->12118K(274432K)], 0.1440603 secs] [Times: user=0.95 sys=0.00 real=0.14 secs] 
[Full GC (Ergonomics) [PSYoungGen: 5825K->5825K(19968K)] [ParOldGen: 699016K->699016K(699392K)] 704841K->704841K(719360K), [Metaspace: 12118K->12118K(274432K)], 0.1203889 secs] [Times: user=0.88 sys=0.00 real=0.12 secs] 
[Full GC (Ergonomics) [PSYoungGen: 5825K->5825K(19968K)] [ParOldGen: 699029K->699023K(699392K)] 704854K->704849K(719360K), [Metaspace: 12118K->12118K(274432K)], 0.1500663 secs] [Times: user=1.02 sys=0.00 real=0.15 secs] 
[Full GC (Ergonomics) [PSYoungGen: 5825K->5825K(19968K)] [ParOldGen: 699023K->699023K(699392K)] 704849K->704849K(719360K), [Metaspace: 12118K->12118K(274432K)], 0.1164818 secs] [Times: user=0.78 sys=0.00 real=0.12 secs] 
[Full GC (Ergonomics) [PSYoungGen: 5825K->5825K(19968K)] [ParOldGen: 699023K->699023K(699392K)] 704849K->704849K(719360K), [Metaspace: 12118K->12118K(274432K)], 0.1213744 secs] [Times: user=0.86 sys=0.00 real=0.12 secs] 
[Full GC (Ergonomics) [PSYoungGen: 5825K->5825K(19968K)] [ParOldGen: 699037K->699037K(699392K)] 704863K->704862K(719360K), [Metaspace: 12118K->12118K(274432K)], 0.1432974 secs] [Times: user=0.98 sys=0.00 real=0.14 secs] 
[Full GC (Ergonomics) [PSYoungGen: 5825K->5825K(19968K)] [ParOldGen: 699050K->699048K(699392K)] 704876K->704874K(719360K), [Metaspace: 12118K->12118K(274432K)], 0.1346395 secs] [Times: user=0.88 sys=0.00 real=0.13 secs] 
[Full GC (Ergonomics) 